ASxxxx Linker V03.00 + NoICE + sdld,  page 1.
Hexadecimal  [32-Bits]

Area                                    Addr        Size        Decimal Bytes (Attributes)
--------------------------------        ----        ----        ------- ----- ------------
.  .ABS.                            00000000    00000000 =           0. bytes (ABS,CON)

      Value  Global                              Global Defined In Module
      -----  --------------------------------   ------------------------
     00000000  .__.ABS.                           cpct_strings
     00000000  l__CABS                         
     00000000  l__DABS                         
     00000000  l__GSFINAL                      
     00000000  l__GSINIT                       
     00000000  l__HOME                         
     00000000  l__INITIALIZED                  
     00000000  l__INITIALIZER                  
     00000000  l___song_menu                   
     00000000  s__CABS                         
     00000000  s__DABS                         
     00000000  s___song_menu                   
     00000000  s___song_menu0                  
     000000F9  l__DATA                         
     0000014A  l___song_menu0                  
     00004000  s__CODE                         
     0000487C  l__CODE                         
     0000887C  s__DATA                         
     00008975  s__GSFINAL                      
     00008975  s__GSINIT                       
     00008975  s__HOME                         
     00008975  s__INITIALIZED                  
     00008975  s__INITIALIZER                  

ASxxxx Linker V03.00 + NoICE + sdld,  page 2.
Hexadecimal  [32-Bits]

Area                                    Addr        Size        Decimal Bytes (Attributes)
--------------------------------        ----        ----        ------- ----- ------------
_CODE                               00004000    0000487C =       18556. bytes (REL,CON)

      Value  Global                              Global Defined In Module
      -----  --------------------------------   ------------------------
     00004000  _spr_icono_caldero_0               calderov1_8x16
     00004040  _spr_icono_caldero_1               calderov1_8x16
     00004080  _spr_caldero_0                     caldero_animacionv2_20x32
     000041C0  _spr_caldero_1                     caldero_animacionv2_20x32
     00004300  _spr_caldero_2                     caldero_animacionv2_20x32
     00004440  _spr_caldero_3                     caldero_animacionv2_20x32
     00004580  _spr_player_attack_00              ataques_juntosv2_32x16
     00004680  _spr_player_attack_01              ataques_juntosv2_32x16
     00004780  _spr_player_attack_02              ataques_juntosv2_32x16
     00004880  _spr_player_attack_03              ataques_juntosv2_32x16
     00004980  _spr_player_attack_04              ataques_juntosv2_32x16
     00004A80  _spr_player_attack_05              ataques_juntosv2_32x16
     00004B80  _spr_player_attack_06              ataques_juntosv2_32x16
     00004C80  _spr_player_attack_07              ataques_juntosv2_32x16
     00004D80  _spr_player_attack_08              ataques_juntosv2_32x16
     00004E80  _spr_player_attack_09              ataques_juntosv2_32x16
     00004F80  _spr_player_attack_10              ataques_juntosv2_32x16
     00005080  _spr_player_attack_11              ataques_juntosv2_32x16
     00005180  _spr_player_attack_12              ataques_juntosv2_32x16
     00005280  _spr_player_attack_13              ataques_juntosv2_32x16
     00005380  _spr_player_attack_14              ataques_juntosv2_32x16
     00005480  _spr_player_tp_0                   player_tp
     00005580  _spr_player_tp_1                   player_tp
     00005680  _spr_player_tp_2                   player_tp
     00005780  _spr_player_tp_3                   player_tp
     00005880  _spr_player_tp_4                   player_tp
     00005980  _spr_player_tp_5                   player_tp
     00005A80  _spr_player_0                      player
     00005B80  _spr_player_1                      player
     00005C80  _spr_alien_p_0                     Alien3v2_completo
     00005DC0  _spr_alien_p_1                     Alien3v2_completo
     00005F00  _spr_alien_p_2                     Alien3v2_completo
     00006040  _spr_alien_p_3                     Alien3v2_completo
     00006180  _spr_alien_p_4                     Alien3v2_completo
     000062C0  _spr_alien_p_5                     Alien3v2_completo
     00006400  _spr_alien_o_0                     Alien2v2_completo
     00006540  _spr_alien_o_1                     Alien2v2_completo
     00006680  _spr_alien_o_2                     Alien2v2_completo
     000067C0  _spr_alien_o_3                     Alien2v2_completo
     00006900  _spr_alien_o_4                     Alien2v2_completo
     00006A40  _spr_alien_o_5                     Alien2v2_completo
     00006B80  _spr_alien_void_0                  Alien1v2_completo
     00006CC0  _spr_alien_void_1                  Alien1v2_completo
     00006E00  _spr_alien_void_2                  Alien1v2_completo
     00006F40  _spr_alien_void_3                  Alien1v2_completo
     00007080  _spr_alien_void_4                  Alien1v2_completo
     000071C0  _spr_alien_void_5                  Alien1v2_completo
     00007300  _g_palette                         g_palette
     00007310  _spr_aliens_0                      Aliens
     00007390  _spr_aliens_1                      Aliens
ASxxxx Linker V03.00 + NoICE + sdld,  page 3.
Hexadecimal  [32-Bits]

Area                                    Addr        Size        Decimal Bytes (Attributes)
--------------------------------        ----        ----        ------- ----- ------------
_CODE                               00004000    0000487C =       18556. bytes (REL,CON)

      Value  Global                              Global Defined In Module
      -----  --------------------------------   ------------------------
     00007410  _spr_aliens_2                      Aliens
     00007490  _spr_aliens_3                      Aliens
     00007510  _spr_aliens_4                      Aliens
     00007590  _spr_aliens_5                      Aliens
     00007610  _spr_alien_void                    AlienVoid
     000076B9  _main                              cpct_keyboard
     000076C4  entities                           cpct_keyboard
     000076C4  player                             cpct_keyboard
     000076D4  player_attack                      cpct_keyboard
     000076E4  enemies_array                      cpct_keyboard
     00007796  first_enemy                        cpct_keyboard
     00007798  man_entity_init                    cpct_keyboard
     000077AC  man_player_create                  cpct_keyboard
     000077C5  man_enemy_create                   cpct_keyboard
     000077EE  man_enemy_set4destruction          cpct_keyboard
     000077F7  man_enemy_set4dead                 cpct_keyboard
     00007810  man_enemy_destroy                  cpct_keyboard
     00007824  man_enemy_forall                   cpct_keyboard
     0000782D  man_entity_forall                  cpct_keyboard
     0000784C  man_enemy_update                   cpct_keyboard
     0000784D  tmpl_enemy_void                    cpct_keyboard
     0000785D  tmpl_enemy_o                       cpct_keyboard
     0000786D  tmpl_enemy_p                       cpct_keyboard
     0000787D  tmpl_player                        cpct_keyboard
     0000788D  tmpl_player_attack                 cpct_keyboard
     0000789D  frame_counter                      cpct_keyboard
     000078A1  sys_game_init                      cpct_keyboard
     000078B6  sys_game_start                     cpct_keyboard
     000078CF  sys_game_pause                     cpct_keyboard
     000078D8  sys_game_check_finished            cpct_keyboard
     000078FA  sys_game_inc_frames_counter        cpct_keyboard
     00007902  sys_game_inc_points                cpct_keyboard
     0000790A  sys_game_dec_points                cpct_keyboard
     00007912  sys_game_play                      cpct_keyboard
     0000793C  target_player_position             
     00007943  enemy_void_death_anim              
     0000794F  enemy_o_death_anim                 
     0000795B  enemy_p_death_anim                 
     00007967  enemy_void_anim                    
     00007971  enemy_o_anim                       
     0000797B  enemy_p_anim                       
     00007985  player_standby_anim                
     0000798D  player_tp_anim                     
     0000799B  player_tp_mirror_anim              
     000079A7  player_attack_null                 
     000079AD  player_attack_o                    
     000079BB  player_attack_p                    
     000079C9  sys_animation_update_custom_spee   
     000079D0  sys_animation_update               
     000079D6  sys_animation_update_fast          
     00007A24  move_player                        
ASxxxx Linker V03.00 + NoICE + sdld,  page 4.
Hexadecimal  [32-Bits]

Area                                    Addr        Size        Decimal Bytes (Attributes)
--------------------------------        ----        ----        ------- ----- ------------
_CODE                               00004000    0000487C =       18556. bytes (REL,CON)

      Value  Global                              Global Defined In Module
      -----  --------------------------------   ------------------------
     00007A39  sys_generator_update               cpct_keyboard
     00007A3A  sys_input_player_update            cpct_keyboard
     00007AF7  sys_interruptions_init             cpct_keyboard
     00007B06  sys_interruptions_set_handler      cpct_keyboard
     00007B10  sys_interruptions_handler_1        cpct_keyboard
     00007B27  sys_interruptions_handler_2        cpct_keyboard
     00007B34  sys_interruptions_handler_3        cpct_keyboard
     00007B41  sys_interruptions_handler_4        cpct_keyboard
     00007B4E  sys_interruptions_handler_5        cpct_keyboard
     00007B5B  sys_interruptions_handler_6        cpct_keyboard
     00007C65  start_screen                       cpct_keyboard
     00007CBB  sys_physics_update                 cpct_keyboard
     00007D08  sys_render_init                    cpct_keyboard
     00007D1D  sys_render_update                  cpct_keyboard
     00007D42  cpct_setPalette_asm                cpct_video
     00007D55  _cpct_isKeyPressed                 cpct_keyboard
     00007D55  cpct_isKeyPressed_asm              cpct_keyboard
     00007D61  cpct_setPALColour_asm              cpct_video
     00007D6B  _cpct_akp_digidrumStatus           cpct_audio
     00007D6C  _cpct_akp_songLoopTimes            cpct_audio
     00007D6D  _cpct_akp_musicPlay                cpct_audio
     00007D6D  cpct_akp_musicPlay_asm             cpct_audio
     00008470  _cpct_akp_musicInit                cpct_audio
     00008477  cpct_akp_musicInit_asm             cpct_audio
     000084D0  _cpct_akp_stop                     cpct_audio
     000084D0  cpct_akp_stop_asm                  cpct_audio
     000084E3  _cpct_akp_SFXGetInstrument         cpct_audio
     000084E8  cpct_akp_SFXGetInstrument_asm      cpct_audio
     000084FC  _cpct_akp_SFXInit                  cpct_audio
     00008503  cpct_akp_SFXInit_asm               cpct_audio
     0000850A  _cpct_akp_SFXStopAll               cpct_audio
     0000850A  cpct_akp_SFXStopAll_asm            cpct_audio
     00008517  _cpct_akp_SFXPlay                  cpct_audio
     00008529  cpct_akp_SFXPlay_asm               cpct_audio
     00008576  _cpct_akp_SFXStop                  cpct_audio
     0000857B  cpct_akp_SFXStop_asm               cpct_audio
     00008594  cpct_drawStringM0_asm              cpct_strings
     000085BA  cpct_drawCharM0_inner_asm          cpct_strings
     0000861A  dc_2pxtableM0                      cpct_strings
     0000861E  cpct_drawSprite_asm                cpct_sprites
     000086BE  _cpct_keyboardStatusBuffer         cpct_keyboard
     000086C8  _cpct_isAnyKeyPressed              cpct_keyboard
     000086C8  cpct_isAnyKeyPressed_asm           cpct_keyboard
     000086D5  _cpct_scanKeyboard_if              cpct_keyboard
     000086D5  cpct_scanKeyboard_if_asm           cpct_keyboard
     0000873D  cpct_setVideoMode_asm              cpct_video
     0000874A  _cpct_waitVSYNC                    cpct_video
     0000874A  cpct_waitVSYNC_asm                 cpct_video
     00008752  _cpct_disableFirmware              cpct_firmware
     00008752  _cpct_removeInterruptHandler       cpct_firmware
     00008752  cpct_disableFirmware_asm           cpct_firmware
ASxxxx Linker V03.00 + NoICE + sdld,  page 5.
Hexadecimal  [32-Bits]

Area                                    Addr        Size        Decimal Bytes (Attributes)
--------------------------------        ----        ----        ------- ----- ------------
_CODE                               00004000    0000487C =       18556. bytes (REL,CON)

      Value  Global                              Global Defined In Module
      -----  --------------------------------   ------------------------
     00008752  cpct_removeInterruptHandler_asm    cpct_firmware
     00008762  cpct_drawSolidBox_asm              cpct_sprites
     00008805  _cpct_mode_rom_status              cpct_firmware
     00008806  cpct_setDrawCharM0_asm             cpct_strings
     00008829  cpct_getScreenPtr_asm              cpct_video
     0000883B  _cpct_scanKeyboard                 cpct_keyboard
     0000883B  cpct_scanKeyboard_asm              cpct_keyboard
     0000886C  dc_mode0_ct                        cpct_strings

ASxxxx Linker V03.00 + NoICE + sdld,  page 6.
Hexadecimal  [32-Bits]

Area                                    Addr        Size        Decimal Bytes (Attributes)
--------------------------------        ----        ----        ------- ----- ------------
_DATA                               0000887C    000000F9 =         249. bytes (REL,CON)

      Value  Global                              Global Defined In Module
      -----  --------------------------------   ------------------------
ASxxxx Linker V03.00 + NoICE + sdld,  page 7.
Hexadecimal  [32-Bits]

Area                                    Addr        Size        Decimal Bytes (Attributes)
--------------------------------        ----        ----        ------- ----- ------------
__song_menu0                        00000000    0000014A =         330. bytes (ABS,CON)

      Value  Global                              Global Defined In Module
      -----  --------------------------------   ------------------------
     00000040  _song_menu                         

ASxxxx Linker V03.00 + NoICE + sdld,  page 8.

Files Linked                              [ module(s) ]

obj/sprites/calderov1_8x16.rel            [ calderov1_8x16 ]
obj/sprites/caldero_animacionv2_20x32.rel
                                          [ caldero_animacionv2_20x32 ]
obj/sprites/ataques_juntosv2_32x16.rel    [ ataques_juntosv2_32x16 ]
obj/sprites/player_tp.rel                 [ player_tp ]
obj/sprites/player.rel                    [ player ]
obj/sprites/Alien3v2_completo.rel         [ Alien3v2_completo ]
obj/sprites/Alien2v2_completo.rel         [ Alien2v2_completo ]
obj/sprites/Alien1v2_completo.rel         [ Alien1v2_completo ]
obj/sprites/g_palette.rel                 [ g_palette ]
obj/music/song_menu.rel                   [  ]
obj/sprites/Aliens.rel                    [ Aliens ]
obj/sprites/AlienVoid.rel                 [ AlienVoid ]
obj/main.rel                              [ cpct_keyboard ]
obj/man/entities.h.rel                    [  ]
obj/man/entities.rel                      [ cpct_keyboard ]
obj/man/entity_templates.h.rel            [  ]
obj/man/entity_templates.rel              [ cpct_keyboard ]
obj/man/game.h.rel                        [  ]
obj/man/game.rel                          [ cpct_keyboard ]
obj/sys/animations.h.rel                  [  ]
obj/sys/animations.rel                    [  ]
obj/sys/generator.h.rel                   [  ]
obj/sys/generator.rel                     [ cpct_keyboard ]
obj/sys/input.h.rel                       [  ]
obj/sys/input.rel                         [ cpct_keyboard ]
obj/sys/interruptions.h.rel               [  ]
obj/sys/interruptions.rel                 [ cpct_keyboard ]
obj/sys/menu.h.rel                        [  ]
obj/sys/menu.rel                          [ cpct_keyboard ]
obj/sys/physics.h.rel                     [  ]
obj/sys/physics.rel                       [ cpct_keyboard ]
obj/sys/render.h.rel                      [  ]
obj/sys/render.rel                        [ cpct_keyboard ]


Libraries Linked                          [ object file ]

/home/akira/razonamiento/cpctelera/cpctelera/cpctelera.lib
                                          [ cpct_setPalette_asmbindings.rel ]
/home/akira/razonamiento/cpctelera/cpctelera/cpctelera.lib
                                          [ cpct_isKeyPressed.rel ]
/home/akira/razonamiento/cpctelera/cpctelera/cpctelera.lib
                                          [ cpct_setPALColour_asmbindings.re ]
/home/akira/razonamiento/cpctelera/cpctelera/cpctelera.lib
                                          [ arkostracker.rel ]
/home/akira/razonamiento/cpctelera/cpctelera/cpctelera.lib
                                          [ cpct_drawStringM0_asmbindings.re ]
/home/akira/razonamiento/cpctelera/cpctelera/cpctelera.lib
                                          [ cpct_drawCharM0_inner.rel ]
/home/akira/razonamiento/cpctelera/cpctelera/cpctelera.lib
                                          [ cpct_drawSprite_asmbindings.rel ]
/home/akira/razonamiento/cpctelera/cpctelera/cpctelera.lib
                                          [ keyboard.rel ]
/home/akira/razonamiento/cpctelera/cpctelera/cpctelera.lib
                                          [ cpct_isAnyKeyPressed.rel ]
/home/akira/razonamiento/cpctelera/cpctelera/cpctelera.lib
                                          [ cpct_scanKeyboard_if.rel ]
/home/akira/razonamiento/cpctelera/cpctelera/cpctelera.lib
                                          [ cpct_setVideoMode_asmbindings.re ]
/home/akira/razonamiento/cpctelera/cpctelera/cpctelera.lib
                                          [ cpct_waitVSYNC.rel ]
/home/akira/razonamiento/cpctelera/cpctelera/cpctelera.lib
                                          [ cpct_removeInterruptHandler.rel ]
/home/akira/razonamiento/cpctelera/cpctelera/cpctelera.lib
                                          [ cpct_drawSolidBox_asmbindings.re ]
/home/akira/razonamiento/cpctelera/cpctelera/cpctelera.lib
                                          [ cpc_mode_rom_status.rel ]
/home/akira/razonamiento/cpctelera/cpctelera/cpctelera.lib
                                          [ cpct_setDrawCharM0_asmbindings.r ]
/home/akira/razonamiento/cpctelera/cpctelera/cpctelera.lib
                                          [ cpct_getScreenPtr_asmbindings.re ]
/home/akira/razonamiento/cpctelera/cpctelera/cpctelera.lib
                                          [ cpct_scanKeyboard.rel ]
/home/akira/razonamiento/cpctelera/cpctelera/cpctelera.lib
                                          [ cpct_dc_mode0_ct.rel ]

ASxxxx Linker V03.00 + NoICE + sdld,  page 9.

User Base Address Definitions

_CODE = 0x4000
_DATA = 0x0000

