ASxxxx Linker V03.00 + NoICE + sdld,  page 1.
Hexadecimal  [32-Bits]

Area                                    Addr        Size        Decimal Bytes (Attributes)
--------------------------------        ----        ----        ------- ----- ------------
.  .ABS.                            00000000    00000000 =           0. bytes (ABS,CON)

      Value  Global                              Global Defined In Module
      -----  --------------------------------   ------------------------
     00000000  .__.ABS.                           cpct_strings
     00000000  l__CABS                         
     00000000  l__DABS                         
     00000000  l__GSFINAL                      
     00000000  l__GSINIT                       
     00000000  l__HOME                         
     00000000  l__INITIALIZED                  
     00000000  l__INITIALIZER                  
     00000000  s__CABS                         
     00000000  s__DABS                         
     00000034  l__DATA                         
     0000103F  l__CODE                         
     00004000  s__CODE                         
     0000503F  s__DATA                         
     00005073  s__GSFINAL                      
     00005073  s__GSINIT                       
     00005073  s__HOME                         
     00005073  s__INITIALIZED                  
     00005073  s__INITIALIZER                  

ASxxxx Linker V03.00 + NoICE + sdld,  page 2.
Hexadecimal  [32-Bits]

Area                                    Addr        Size        Decimal Bytes (Attributes)
--------------------------------        ----        ----        ------- ----- ------------
_CODE                               00004000    0000103F =        4159. bytes (REL,CON)

      Value  Global                              Global Defined In Module
      -----  --------------------------------   ------------------------
     00004000  _spr_player_tp_0                   player_tp
     00004100  _spr_player_tp_1                   player_tp
     00004200  _spr_player_tp_2                   player_tp
     00004300  _spr_player_tp_3                   player_tp
     00004400  _spr_player_tp_4                   player_tp
     00004500  _spr_player_tp_5                   player_tp
     00004600  _spr_player_0                      player
     00004700  _spr_player_1                      player
     00004800  _spr_aliens_0                      Aliens
     00004880  _spr_aliens_1                      Aliens
     00004900  _spr_aliens_2                      Aliens
     00004980  _spr_aliens_3                      Aliens
     00004A00  _spr_aliens_4                      Aliens
     00004A80  _spr_aliens_5                      Aliens
     00004B00  _spr_alien_void                    AlienVoid
     00004B80  _g_palette                         g_palette
     00004BF4  _main                              cpct_keyboard
     00004BFD  sys_generator_update               cpct_keyboard
     00004BFE  sys_input_player_update            cpct_keyboard
     00004C3F  sys_physics_update                 cpct_keyboard
     00004C63  sys_render_init                    cpct_keyboard
     00004C78  sys_render_update                  cpct_keyboard
     00004C9D  entities                           cpct_keyboard
     00004C9D  player                             cpct_keyboard
     00004CAB  enemies_array                      cpct_keyboard
     00004D4B  man_entity_init                    cpct_keyboard
     00004D5F  man_player_create                  cpct_keyboard
     00004D6C  man_enemy_create                   cpct_keyboard
     00004D95  man_enemy_set4destruction          cpct_keyboard
     00004D9E  man_enemy_destroy                  cpct_keyboard
     00004DB2  man_enemy_forall                   cpct_keyboard
     00004DD1  man_enemy_update                   cpct_keyboard
     00004DD2  tmpl_enemy_void                    cpct_keyboard
     00004DE0  tmpl_enemy_o                       cpct_keyboard
     00004DEE  tmpl_enemy_p                       cpct_keyboard
     00004E0A  tmpl_player                        cpct_keyboard
     00004E18  frame_counter                      cpct_keyboard
     00004E19  sys_game_init                      cpct_keyboard
     00004E20  sys_game_inc_frames_counter        cpct_keyboard
     00004E28  sys_game_play                      cpct_keyboard
     00004E39  cpct_setPalette_asm                cpct_video
     00004E4C  _cpct_isKeyPressed                 cpct_keyboard
     00004E4C  cpct_isKeyPressed_asm              cpct_keyboard
     00004E58  cpct_setPALColour_asm              cpct_video
     00004E62  cpct_drawStringM0_asm              cpct_strings
     00004E88  cpct_drawCharM0_inner_asm          cpct_strings
     00004EE8  dc_2pxtableM0                      cpct_strings
     00004EEC  cpct_drawSprite_asm                cpct_sprites
     00004F8C  _cpct_keyboardStatusBuffer         cpct_keyboard
     00004F96  _cpct_isAnyKeyPressed              cpct_keyboard
ASxxxx Linker V03.00 + NoICE + sdld,  page 3.
Hexadecimal  [32-Bits]

Area                                    Addr        Size        Decimal Bytes (Attributes)
--------------------------------        ----        ----        ------- ----- ------------
_CODE                               00004000    0000103F =        4159. bytes (REL,CON)

      Value  Global                              Global Defined In Module
      -----  --------------------------------   ------------------------
     00004F96  cpct_isAnyKeyPressed_asm           cpct_keyboard
     00004FA3  cpct_setVideoMode_asm              cpct_video
     00004FB0  _cpct_waitVSYNC                    cpct_video
     00004FB0  cpct_waitVSYNC_asm                 cpct_video
     00004FB8  _cpct_disableFirmware              cpct_firmware
     00004FB8  _cpct_removeInterruptHandler       cpct_firmware
     00004FB8  cpct_disableFirmware_asm           cpct_firmware
     00004FB8  cpct_removeInterruptHandler_asm    cpct_firmware
     00004FC8  _cpct_mode_rom_status              cpct_firmware
     00004FC9  cpct_setDrawCharM0_asm             cpct_strings
     00004FEC  cpct_getScreenPtr_asm              cpct_video
     00004FFE  _cpct_scanKeyboard                 cpct_keyboard
     00004FFE  cpct_scanKeyboard_asm              cpct_keyboard
     0000502F  dc_mode0_ct                        cpct_strings

ASxxxx Linker V03.00 + NoICE + sdld,  page 4.
Hexadecimal  [32-Bits]

Area                                    Addr        Size        Decimal Bytes (Attributes)
--------------------------------        ----        ----        ------- ----- ------------
_DATA                               0000503F    00000034 =          52. bytes (REL,CON)

      Value  Global                              Global Defined In Module
      -----  --------------------------------   ------------------------
ASxxxx Linker V03.00 + NoICE + sdld,  page 5.

Files Linked                              [ module(s) ]

obj/sprites/player_tp.rel                 [ player_tp ]
obj/sprites/player.rel                    [ player ]
obj/sprites/Aliens.rel                    [ Aliens ]
obj/sprites/AlienVoid.rel                 [ AlienVoid ]
obj/sprites/g_palette.rel                 [ g_palette ]
obj/main.rel                              [ cpct_keyboard ]
obj/sys/generator.h.rel                   [  ]
obj/sys/generator.rel                     [ cpct_keyboard ]
obj/sys/input.h.rel                       [  ]
obj/sys/input.rel                         [ cpct_keyboard ]
obj/sys/physics.h.rel                     [  ]
obj/sys/physics.rel                       [ cpct_keyboard ]
obj/sys/render.h.rel                      [  ]
obj/sys/render.rel                        [ cpct_keyboard ]
obj/man/entities.h.rel                    [  ]
obj/man/entities.rel                      [ cpct_keyboard ]
obj/man/entity_templates.h.rel            [  ]
obj/man/entity_templates.rel              [ cpct_keyboard ]
obj/man/game.h.rel                        [  ]
obj/man/game.rel                          [ cpct_keyboard ]


Libraries Linked                          [ object file ]

/home/cpc/Escritorio/Retromancer/cpctelera/cpctelera/cpctelera.lib
                                          [ cpct_setPalette_asmbindings.rel ]
/home/cpc/Escritorio/Retromancer/cpctelera/cpctelera/cpctelera.lib
                                          [ cpct_isKeyPressed.rel ]
/home/cpc/Escritorio/Retromancer/cpctelera/cpctelera/cpctelera.lib
                                          [ cpct_setPALColour_asmbindings.re ]
/home/cpc/Escritorio/Retromancer/cpctelera/cpctelera/cpctelera.lib
                                          [ cpct_drawStringM0_asmbindings.re ]
/home/cpc/Escritorio/Retromancer/cpctelera/cpctelera/cpctelera.lib
                                          [ cpct_drawCharM0_inner.rel ]
/home/cpc/Escritorio/Retromancer/cpctelera/cpctelera/cpctelera.lib
                                          [ cpct_drawSprite_asmbindings.rel ]
/home/cpc/Escritorio/Retromancer/cpctelera/cpctelera/cpctelera.lib
                                          [ keyboard.rel ]
/home/cpc/Escritorio/Retromancer/cpctelera/cpctelera/cpctelera.lib
                                          [ cpct_isAnyKeyPressed.rel ]
/home/cpc/Escritorio/Retromancer/cpctelera/cpctelera/cpctelera.lib
                                          [ cpct_setVideoMode_asmbindings.re ]
/home/cpc/Escritorio/Retromancer/cpctelera/cpctelera/cpctelera.lib
                                          [ cpct_waitVSYNC.rel ]
/home/cpc/Escritorio/Retromancer/cpctelera/cpctelera/cpctelera.lib
                                          [ cpct_removeInterruptHandler.rel ]
/home/cpc/Escritorio/Retromancer/cpctelera/cpctelera/cpctelera.lib
                                          [ cpc_mode_rom_status.rel ]
/home/cpc/Escritorio/Retromancer/cpctelera/cpctelera/cpctelera.lib
                                          [ cpct_setDrawCharM0_asmbindings.r ]
/home/cpc/Escritorio/Retromancer/cpctelera/cpctelera/cpctelera.lib
                                          [ cpct_getScreenPtr_asmbindings.re ]
/home/cpc/Escritorio/Retromancer/cpctelera/cpctelera/cpctelera.lib
                                          [ cpct_scanKeyboard.rel ]
/home/cpc/Escritorio/Retromancer/cpctelera/cpctelera/cpctelera.lib
                                          [ cpct_dc_mode0_ct.rel ]

ASxxxx Linker V03.00 + NoICE + sdld,  page 6.

User Base Address Definitions

_CODE = 0x4000
_DATA = 0x0000

