ASxxxx Linker V03.00 + NoICE + sdld,  page 1.
Hexadecimal  [32-Bits]

Area                                    Addr        Size        Decimal Bytes (Attributes)
--------------------------------        ----        ----        ------- ----- ------------
.  .ABS.                            00000000    00000000 =           0. bytes (ABS,CON)

      Value  Global                              Global Defined In Module
      -----  --------------------------------   ------------------------
     00000000  .__.ABS.                           cpct_keyboard
     00000000  l__CABS                         
     00000000  l__DABS                         
     00000000  l__DATA                         
     00000000  l__GSFINAL                      
     00000000  l__GSINIT                       
     00000000  l__HOME                         
     00000000  l__INITIALIZED                  
     00000000  l__INITIALIZER                  
     00000000  s__CABS                         
     00000000  s__DABS                         
     00000F54  l__CODE                         
     00004000  s__CODE                         
     00004F54  s__DATA                         
     00004F54  s__GSFINAL                      
     00004F54  s__GSINIT                       
     00004F54  s__HOME                         
     00004F54  s__INITIALIZED                  
     00004F54  s__INITIALIZER                  

ASxxxx Linker V03.00 + NoICE + sdld,  page 2.
Hexadecimal  [32-Bits]

Area                                    Addr        Size        Decimal Bytes (Attributes)
--------------------------------        ----        ----        ------- ----- ------------
_CODE                               00004000    00000F54 =        3924. bytes (REL,CON)

      Value  Global                              Global Defined In Module
      -----  --------------------------------   ------------------------
     00004000  _spr_player_tp_0                   player_tp
     00004100  _spr_player_tp_1                   player_tp
     00004200  _spr_player_tp_2                   player_tp
     00004300  _spr_player_tp_3                   player_tp
     00004400  _spr_player_tp_4                   player_tp
     00004500  _spr_player_tp_5                   player_tp
     00004600  _spr_player_0                      player
     00004700  _spr_player_1                      player
     00004800  _spr_aliens_0                      Aliens
     00004880  _spr_aliens_1                      Aliens
     00004900  _spr_aliens_2                      Aliens
     00004980  _spr_aliens_3                      Aliens
     00004A00  _spr_aliens_4                      Aliens
     00004A80  _spr_aliens_5                      Aliens
     00004B00  _spr_alien_void                    AlienVoid
     00004B80  _g_palette                         g_palette
     00004BC9  _main                              cpct_keyboard
     00004BCE  entities                           cpct_keyboard
     00004BCE  player                             cpct_keyboard
     00004BDC  enemies_array                      cpct_keyboard
     00004C7C  man_entity_init                    cpct_keyboard
     00004C90  man_player_create                  cpct_keyboard
     00004C9D  man_enemy_create                   cpct_keyboard
     00004CC6  man_enemy_set4destruction          cpct_keyboard
     00004CCF  man_enemy_destroy                  cpct_keyboard
     00004CE3  man_enemy_forall                   cpct_keyboard
     00004D02  man_enemy_update                   cpct_keyboard
     00004D03  tmpl_enemy_void                    cpct_keyboard
     00004D11  tmpl_enemy_o                       cpct_keyboard
     00004D1F  tmpl_enemy_p                       cpct_keyboard
     00004D3B  tmpl_player                        cpct_keyboard
     00004D49  frame_counter                      cpct_keyboard
     00004D4A  sys_game_init                      cpct_keyboard
     00004D51  sys_game_inc_frames_counter        cpct_keyboard
     00004D59  sys_game_play                      cpct_keyboard
     00004D6B  sys_generator_update               cpct_keyboard
     00004D6C  sys_input_player_update            cpct_keyboard
     00004DAD  sys_physics_update                 cpct_keyboard
     00004DD1  sys_render_init                    cpct_keyboard
     00004DE6  sys_render_update                  cpct_keyboard
     00004E0B  cpct_setPalette_asm                cpct_video
     00004E1E  _cpct_isKeyPressed                 cpct_keyboard
     00004E1E  cpct_isKeyPressed_asm              cpct_keyboard
     00004E2A  cpct_setPALColour_asm              cpct_video
     00004E34  cpct_drawSprite_asm                cpct_sprites
     00004ED4  _cpct_keyboardStatusBuffer         cpct_keyboard
     00004EDE  _cpct_isAnyKeyPressed              cpct_keyboard
     00004EDE  cpct_isAnyKeyPressed_asm           cpct_keyboard
     00004EEB  cpct_setVideoMode_asm              cpct_video
     00004EF8  _cpct_waitVSYNC                    cpct_video
ASxxxx Linker V03.00 + NoICE + sdld,  page 3.
Hexadecimal  [32-Bits]

Area                                    Addr        Size        Decimal Bytes (Attributes)
--------------------------------        ----        ----        ------- ----- ------------
_CODE                               00004000    00000F54 =        3924. bytes (REL,CON)

      Value  Global                              Global Defined In Module
      -----  --------------------------------   ------------------------
     00004EF8  cpct_waitVSYNC_asm                 cpct_video
     00004F00  _cpct_disableFirmware              cpct_firmware
     00004F00  _cpct_removeInterruptHandler       cpct_firmware
     00004F00  cpct_disableFirmware_asm           cpct_firmware
     00004F00  cpct_removeInterruptHandler_asm    cpct_firmware
     00004F10  _cpct_mode_rom_status              cpct_firmware
     00004F11  cpct_getScreenPtr_asm              cpct_video
     00004F23  _cpct_scanKeyboard                 cpct_keyboard
     00004F23  cpct_scanKeyboard_asm              cpct_keyboard

ASxxxx Linker V03.00 + NoICE + sdld,  page 4.

Files Linked                              [ module(s) ]

obj/sprites/player_tp.rel                 [ player_tp ]
obj/sprites/player.rel                    [ player ]
obj/sprites/Aliens.rel                    [ Aliens ]
obj/sprites/AlienVoid.rel                 [ AlienVoid ]
obj/sprites/g_palette.rel                 [ g_palette ]
obj/main.rel                              [ cpct_keyboard ]
obj/man/entities.h.rel                    [  ]
obj/man/entities.rel                      [ cpct_keyboard ]
obj/man/entity_templates.h.rel            [  ]
obj/man/entity_templates.rel              [ cpct_keyboard ]
obj/man/game.h.rel                        [  ]
obj/man/game.rel                          [ cpct_keyboard ]
obj/sys/generator.h.rel                   [  ]
obj/sys/generator.rel                     [ cpct_keyboard ]
obj/sys/input.h.rel                       [  ]
obj/sys/input.rel                         [ cpct_keyboard ]
obj/sys/physics.h.rel                     [  ]
obj/sys/physics.rel                       [ cpct_keyboard ]
obj/sys/render.h.rel                      [  ]
obj/sys/render.rel                        [ cpct_keyboard ]


Libraries Linked                          [ object file ]

/home/akira/razonamiento/cpctelera/cpctelera/cpctelera.lib
                                          [ cpct_setPalette_asmbindings.rel ]
/home/akira/razonamiento/cpctelera/cpctelera/cpctelera.lib
                                          [ cpct_isKeyPressed.rel ]
/home/akira/razonamiento/cpctelera/cpctelera/cpctelera.lib
                                          [ cpct_setPALColour_asmbindings.re ]
/home/akira/razonamiento/cpctelera/cpctelera/cpctelera.lib
                                          [ cpct_drawSprite_asmbindings.rel ]
/home/akira/razonamiento/cpctelera/cpctelera/cpctelera.lib
                                          [ keyboard.rel ]
/home/akira/razonamiento/cpctelera/cpctelera/cpctelera.lib
                                          [ cpct_isAnyKeyPressed.rel ]
/home/akira/razonamiento/cpctelera/cpctelera/cpctelera.lib
                                          [ cpct_setVideoMode_asmbindings.re ]
/home/akira/razonamiento/cpctelera/cpctelera/cpctelera.lib
                                          [ cpct_waitVSYNC.rel ]
/home/akira/razonamiento/cpctelera/cpctelera/cpctelera.lib
                                          [ cpct_removeInterruptHandler.rel ]
/home/akira/razonamiento/cpctelera/cpctelera/cpctelera.lib
                                          [ cpc_mode_rom_status.rel ]
/home/akira/razonamiento/cpctelera/cpctelera/cpctelera.lib
                                          [ cpct_getScreenPtr_asmbindings.re ]
/home/akira/razonamiento/cpctelera/cpctelera/cpctelera.lib
                                          [ cpct_scanKeyboard.rel ]

ASxxxx Linker V03.00 + NoICE + sdld,  page 5.

User Base Address Definitions

_CODE = 0x4000
_DATA = 0x0000

