ASxxxx Linker V03.00 + NoICE + sdld,  page 1.
Hexadecimal  [32-Bits]

Area                                    Addr        Size        Decimal Bytes (Attributes)
--------------------------------        ----        ----        ------- ----- ------------
.  .ABS.                            00000000    00000000 =           0. bytes (ABS,CON)

      Value  Global                              Global Defined In Module
      -----  --------------------------------   ------------------------
     00000000  .__.ABS.                           cpct_strings
     00000000  l__CABS                         
     00000000  l__DABS                         
     00000000  l__GSFINAL                      
     00000000  l__GSINIT                       
     00000000  l__HOME                         
     00000000  l__INITIALIZED                  
     00000000  l__INITIALIZER                  
     00000000  s__CABS                         
     00000000  s__DABS                         
     0000001A  l__DATA                         
     00001150  l__CODE                         
     00004000  s__CODE                         
     00005150  s__DATA                         
     0000516A  s__GSFINAL                      
     0000516A  s__GSINIT                       
     0000516A  s__HOME                         
     0000516A  s__INITIALIZED                  
     0000516A  s__INITIALIZER                  

ASxxxx Linker V03.00 + NoICE + sdld,  page 2.
Hexadecimal  [32-Bits]

Area                                    Addr        Size        Decimal Bytes (Attributes)
--------------------------------        ----        ----        ------- ----- ------------
_CODE                               00004000    00001150 =        4432. bytes (REL,CON)

      Value  Global                              Global Defined In Module
      -----  --------------------------------   ------------------------
     00004000  _spr_player_tp_0                   player_tp
     00004100  _spr_player_tp_1                   player_tp
     00004200  _spr_player_tp_2                   player_tp
     00004300  _spr_player_tp_3                   player_tp
     00004400  _spr_player_tp_4                   player_tp
     00004500  _spr_player_tp_5                   player_tp
     00004600  _spr_player_0                      player
     00004700  _spr_player_1                      player
     00004800  _spr_aliens_0                      Aliens
     00004880  _spr_aliens_1                      Aliens
     00004900  _spr_aliens_2                      Aliens
     00004980  _spr_aliens_3                      Aliens
     00004A00  _spr_aliens_4                      Aliens
     00004A80  _spr_aliens_5                      Aliens
     00004B00  _spr_alien_void                    AlienVoid
     00004B80  _g_palette                         g_palette
     00004BF4  _main                              cpct_keyboard
     00004BFC  target_player_position             
     00004BFD  enemy_void_anim                    
     00004C05  enemy_o_anim                       
     00004C0D  enemy_p_anim                       
     00004C15  player_standby_anim                
     00004C1D  player_tp_anim                     
     00004C2B  player_tp_mirror_anim              
     00004C37  sys_animation_update               
     00004C6C  sys_player_animation_update        
     00004CC9  move_player                        
     00004CD1  sys_generator_update               cpct_keyboard
     00004CD2  sys_input_player_update            cpct_keyboard
     00004D1D  sys_physics_update                 cpct_keyboard
     00004D52  sys_render_init                    cpct_keyboard
     00004D67  sys_render_update                  cpct_keyboard
     00004D8C  entities                           cpct_keyboard
     00004D8C  player                             cpct_keyboard
     00004D9A  enemies_array                      cpct_keyboard
     00004E3A  man_entity_init                    cpct_keyboard
     00004E4E  man_player_create                  cpct_keyboard
     00004E5B  man_enemy_create                   cpct_keyboard
     00004E84  man_enemy_set4destruction          cpct_keyboard
     00004E8D  man_enemy_destroy                  cpct_keyboard
     00004EA1  man_enemy_forall                   cpct_keyboard
     00004EC0  man_enemy_update                   cpct_keyboard
     00004EC1  man_entity_forall                  cpct_keyboard
     00004EE0  tmpl_enemy_void                    cpct_keyboard
     00004EEE  tmpl_enemy_o                       cpct_keyboard
     00004EFC  tmpl_enemy_p                       cpct_keyboard
     00004F18  tmpl_player                        cpct_keyboard
     00004F26  frame_counter                      cpct_keyboard
     00004F27  sys_game_init                      cpct_keyboard
     00004F2E  sys_game_inc_frames_counter        cpct_keyboard
ASxxxx Linker V03.00 + NoICE + sdld,  page 3.
Hexadecimal  [32-Bits]

Area                                    Addr        Size        Decimal Bytes (Attributes)
--------------------------------        ----        ----        ------- ----- ------------
_CODE                               00004000    00001150 =        4432. bytes (REL,CON)

      Value  Global                              Global Defined In Module
      -----  --------------------------------   ------------------------
     00004F36  sys_game_play                      cpct_keyboard
     00004F4A  cpct_setPalette_asm                cpct_video
     00004F5D  _cpct_isKeyPressed                 cpct_keyboard
     00004F5D  cpct_isKeyPressed_asm              cpct_keyboard
     00004F69  cpct_setPALColour_asm              cpct_video
     00004F73  cpct_drawStringM0_asm              cpct_strings
     00004F99  cpct_drawCharM0_inner_asm          cpct_strings
     00004FF9  dc_2pxtableM0                      cpct_strings
     00004FFD  cpct_drawSprite_asm                cpct_sprites
     0000509D  _cpct_keyboardStatusBuffer         cpct_keyboard
     000050A7  _cpct_isAnyKeyPressed              cpct_keyboard
     000050A7  cpct_isAnyKeyPressed_asm           cpct_keyboard
     000050B4  cpct_setVideoMode_asm              cpct_video
     000050C1  _cpct_waitVSYNC                    cpct_video
     000050C1  cpct_waitVSYNC_asm                 cpct_video
     000050C9  _cpct_disableFirmware              cpct_firmware
     000050C9  _cpct_removeInterruptHandler       cpct_firmware
     000050C9  cpct_disableFirmware_asm           cpct_firmware
     000050C9  cpct_removeInterruptHandler_asm    cpct_firmware
     000050D9  _cpct_mode_rom_status              cpct_firmware
     000050DA  cpct_setDrawCharM0_asm             cpct_strings
     000050FD  cpct_getScreenPtr_asm              cpct_video
     0000510F  _cpct_scanKeyboard                 cpct_keyboard
     0000510F  cpct_scanKeyboard_asm              cpct_keyboard
     00005140  dc_mode0_ct                        cpct_strings
ASxxxx Linker V03.00 + NoICE + sdld,  page 4.
Hexadecimal  [32-Bits]

Area                                    Addr        Size        Decimal Bytes (Attributes)
--------------------------------        ----        ----        ------- ----- ------------
_DATA                               00005150    0000001A =          26. bytes (REL,CON)

      Value  Global                              Global Defined In Module
      -----  --------------------------------   ------------------------
ASxxxx Linker V03.00 + NoICE + sdld,  page 5.

Files Linked                              [ module(s) ]

obj/sprites/player_tp.rel                 [ player_tp ]
obj/sprites/player.rel                    [ player ]
obj/sprites/Aliens.rel                    [ Aliens ]
obj/sprites/AlienVoid.rel                 [ AlienVoid ]
obj/sprites/g_palette.rel                 [ g_palette ]
obj/main.rel                              [ cpct_keyboard ]
obj/sys/animations.h.rel                  [  ]
obj/sys/animations.rel                    [  ]
obj/sys/generator.h.rel                   [  ]
obj/sys/generator.rel                     [ cpct_keyboard ]
obj/sys/input.h.rel                       [  ]
obj/sys/input.rel                         [ cpct_keyboard ]
obj/sys/physics.h.rel                     [  ]
obj/sys/physics.rel                       [ cpct_keyboard ]
obj/sys/render.h.rel                      [  ]
obj/sys/render.rel                        [ cpct_keyboard ]
obj/man/entities.h.rel                    [  ]
obj/man/entities.rel                      [ cpct_keyboard ]
obj/man/entity_templates.h.rel            [  ]
obj/man/entity_templates.rel              [ cpct_keyboard ]
obj/man/game.h.rel                        [  ]
obj/man/game.rel                          [ cpct_keyboard ]


Libraries Linked                          [ object file ]

/home/cpc/Escritorio/Retromancer/cpctelera/cpctelera/cpctelera.lib
                                          [ cpct_setPalette_asmbindings.rel ]
/home/cpc/Escritorio/Retromancer/cpctelera/cpctelera/cpctelera.lib
                                          [ cpct_isKeyPressed.rel ]
/home/cpc/Escritorio/Retromancer/cpctelera/cpctelera/cpctelera.lib
                                          [ cpct_setPALColour_asmbindings.re ]
/home/cpc/Escritorio/Retromancer/cpctelera/cpctelera/cpctelera.lib
                                          [ cpct_drawStringM0_asmbindings.re ]
/home/cpc/Escritorio/Retromancer/cpctelera/cpctelera/cpctelera.lib
                                          [ cpct_drawCharM0_inner.rel ]
/home/cpc/Escritorio/Retromancer/cpctelera/cpctelera/cpctelera.lib
                                          [ cpct_drawSprite_asmbindings.rel ]
/home/cpc/Escritorio/Retromancer/cpctelera/cpctelera/cpctelera.lib
                                          [ keyboard.rel ]
/home/cpc/Escritorio/Retromancer/cpctelera/cpctelera/cpctelera.lib
                                          [ cpct_isAnyKeyPressed.rel ]
/home/cpc/Escritorio/Retromancer/cpctelera/cpctelera/cpctelera.lib
                                          [ cpct_setVideoMode_asmbindings.re ]
/home/cpc/Escritorio/Retromancer/cpctelera/cpctelera/cpctelera.lib
                                          [ cpct_waitVSYNC.rel ]
/home/cpc/Escritorio/Retromancer/cpctelera/cpctelera/cpctelera.lib
                                          [ cpct_removeInterruptHandler.rel ]
/home/cpc/Escritorio/Retromancer/cpctelera/cpctelera/cpctelera.lib
                                          [ cpc_mode_rom_status.rel ]
/home/cpc/Escritorio/Retromancer/cpctelera/cpctelera/cpctelera.lib
                                          [ cpct_setDrawCharM0_asmbindings.r ]
/home/cpc/Escritorio/Retromancer/cpctelera/cpctelera/cpctelera.lib
                                          [ cpct_getScreenPtr_asmbindings.re ]
/home/cpc/Escritorio/Retromancer/cpctelera/cpctelera/cpctelera.lib
                                          [ cpct_scanKeyboard.rel ]
/home/cpc/Escritorio/Retromancer/cpctelera/cpctelera/cpctelera.lib
                                          [ cpct_dc_mode0_ct.rel ]

ASxxxx Linker V03.00 + NoICE + sdld,  page 6.

User Base Address Definitions

_CODE = 0x4000
_DATA = 0x0000

