ASxxxx Linker V03.00 + NoICE + sdld,  page 1.
Hexadecimal  [32-Bits]

Area                                    Addr        Size        Decimal Bytes (Attributes)
--------------------------------        ----        ----        ------- ----- ------------
.  .ABS.                            00000000    00000000 =           0. bytes (ABS,CON)

      Value  Global                              Global Defined In Module
      -----  --------------------------------   ------------------------
     00000000  .__.ABS.                           cpct_strings
     00000000  l__CABS                         
     00000000  l__DABS                         
     00000000  l__GSFINAL                      
     00000000  l__GSINIT                       
     00000000  l__HOME                         
     00000000  l__INITIALIZED                  
     00000000  l__INITIALIZER                  
     00000000  s__CABS                         
     00000000  s__DABS                         
     0000005F  l__DATA                         
     00001182  l__CODE                         
     00004000  s__CODE                         
     00005182  s__DATA                         
     000051E1  s__GSFINAL                      
     000051E1  s__GSINIT                       
     000051E1  s__HOME                         
     000051E1  s__INITIALIZED                  
     000051E1  s__INITIALIZER                  

ASxxxx Linker V03.00 + NoICE + sdld,  page 2.
Hexadecimal  [32-Bits]

Area                                    Addr        Size        Decimal Bytes (Attributes)
--------------------------------        ----        ----        ------- ----- ------------
_CODE                               00004000    00001182 =        4482. bytes (REL,CON)

      Value  Global                              Global Defined In Module
      -----  --------------------------------   ------------------------
     00004000  _spr_player_tp_0                   player_tp
     00004100  _spr_player_tp_1                   player_tp
     00004200  _spr_player_tp_2                   player_tp
     00004300  _spr_player_tp_3                   player_tp
     00004400  _spr_player_tp_4                   player_tp
     00004500  _spr_player_tp_5                   player_tp
     00004600  _spr_player_0                      player
     00004700  _spr_player_1                      player
     00004800  _spr_aliens_0                      Aliens
     00004880  _spr_aliens_1                      Aliens
     00004900  _spr_aliens_2                      Aliens
     00004980  _spr_aliens_3                      Aliens
     00004A00  _spr_aliens_4                      Aliens
     00004A80  _spr_aliens_5                      Aliens
     00004B00  _spr_alien_void                    AlienVoid
     00004B80  _g_palette                         g_palette
     00004BC6  _main                              cpct_keyboard
     00004BD1  target_player_position             
     00004BD2  enemy_death_anim                   
     00004BE4  enemy_void_anim                    
     00004BEC  enemy_o_anim                       
     00004BF4  enemy_p_anim                       
     00004BFC  player_standby_anim                
     00004C04  player_tp_anim                     
     00004C12  player_tp_mirror_anim              
     00004C1E  sys_animation_update               
     00004C72  move_player                        
     00004C7A  sys_generator_update               cpct_keyboard
     00004C7B  sys_input_player_update            cpct_keyboard
     00004D08  start_screen                       cpct_keyboard
     00004D3A  sys_physics_update                 cpct_keyboard
     00004D7A  sys_render_init                    cpct_keyboard
     00004D8F  sys_render_update                  cpct_keyboard
     00004DB4  entities                           cpct_keyboard
     00004DB4  player                             cpct_keyboard
     00004DC2  enemies_array                      cpct_keyboard
     00004E62  man_entity_init                    cpct_keyboard
     00004E76  man_player_create                  cpct_keyboard
     00004E83  man_enemy_create                   cpct_keyboard
     00004EAC  man_enemy_set4destruction          cpct_keyboard
     00004EB5  man_enemy_set4dead                 cpct_keyboard
     00004ECB  man_enemy_destroy                  cpct_keyboard
     00004EDF  man_enemy_forall                   cpct_keyboard
     00004EE8  man_entity_forall                  cpct_keyboard
     00004F07  man_enemy_update                   cpct_keyboard
     00004F08  tmpl_enemy_void                    cpct_keyboard
     00004F16  tmpl_enemy_o                       cpct_keyboard
     00004F24  tmpl_enemy_p                       cpct_keyboard
     00004F40  tmpl_player                        cpct_keyboard
     00004F4E  frame_counter                      cpct_keyboard
ASxxxx Linker V03.00 + NoICE + sdld,  page 3.
Hexadecimal  [32-Bits]

Area                                    Addr        Size        Decimal Bytes (Attributes)
--------------------------------        ----        ----        ------- ----- ------------
_CODE                               00004000    00001182 =        4482. bytes (REL,CON)

      Value  Global                              Global Defined In Module
      -----  --------------------------------   ------------------------
     00004F4F  sys_game_init                      cpct_keyboard
     00004F56  sys_game_inc_frames_counter        cpct_keyboard
     00004F5E  sys_game_play                      cpct_keyboard
     00004F7C  cpct_setPalette_asm                cpct_video
     00004F8F  _cpct_isKeyPressed                 cpct_keyboard
     00004F8F  cpct_isKeyPressed_asm              cpct_keyboard
     00004F9B  cpct_setPALColour_asm              cpct_video
     00004FA5  cpct_drawStringM0_asm              cpct_strings
     00004FCB  cpct_drawCharM0_inner_asm          cpct_strings
     0000502B  dc_2pxtableM0                      cpct_strings
     0000502F  cpct_drawSprite_asm                cpct_sprites
     000050CF  _cpct_keyboardStatusBuffer         cpct_keyboard
     000050D9  _cpct_isAnyKeyPressed              cpct_keyboard
     000050D9  cpct_isAnyKeyPressed_asm           cpct_keyboard
     000050E6  cpct_setVideoMode_asm              cpct_video
     000050F3  _cpct_waitVSYNC                    cpct_video
     000050F3  cpct_waitVSYNC_asm                 cpct_video
     000050FB  _cpct_disableFirmware              cpct_firmware
     000050FB  _cpct_removeInterruptHandler       cpct_firmware
     000050FB  cpct_disableFirmware_asm           cpct_firmware
     000050FB  cpct_removeInterruptHandler_asm    cpct_firmware
     0000510B  _cpct_mode_rom_status              cpct_firmware
     0000510C  cpct_setDrawCharM0_asm             cpct_strings
     0000512F  _cpct_scanKeyboard                 cpct_keyboard
     0000512F  cpct_scanKeyboard_asm              cpct_keyboard
     00005160  cpct_getScreenPtr_asm              cpct_video
     00005172  dc_mode0_ct                        cpct_strings

ASxxxx Linker V03.00 + NoICE + sdld,  page 4.
Hexadecimal  [32-Bits]

Area                                    Addr        Size        Decimal Bytes (Attributes)
--------------------------------        ----        ----        ------- ----- ------------
_DATA                               00005182    0000005F =          95. bytes (REL,CON)

      Value  Global                              Global Defined In Module
      -----  --------------------------------   ------------------------
ASxxxx Linker V03.00 + NoICE + sdld,  page 5.

Files Linked                              [ module(s) ]

obj/sprites/player_tp.rel                 [ player_tp ]
obj/sprites/player.rel                    [ player ]
obj/sprites/Aliens.rel                    [ Aliens ]
obj/sprites/AlienVoid.rel                 [ AlienVoid ]
obj/sprites/g_palette.rel                 [ g_palette ]
obj/main.rel                              [ cpct_keyboard ]
obj/sys/animations.h.rel                  [  ]
obj/sys/animations.rel                    [  ]
obj/sys/generator.h.rel                   [  ]
obj/sys/generator.rel                     [ cpct_keyboard ]
obj/sys/input.h.rel                       [  ]
obj/sys/input.rel                         [ cpct_keyboard ]
obj/sys/menu.h.rel                        [  ]
obj/sys/menu.rel                          [ cpct_keyboard ]
obj/sys/physics.h.rel                     [  ]
obj/sys/physics.rel                       [ cpct_keyboard ]
obj/sys/render.h.rel                      [  ]
obj/sys/render.rel                        [ cpct_keyboard ]
obj/man/entities.h.rel                    [  ]
obj/man/entities.rel                      [ cpct_keyboard ]
obj/man/entity_templates.h.rel            [  ]
obj/man/entity_templates.rel              [ cpct_keyboard ]
obj/man/game.h.rel                        [  ]
obj/man/game.rel                          [ cpct_keyboard ]


Libraries Linked                          [ object file ]

/home/cpc/Escritorio/Retromancer/cpctelera/cpctelera/cpctelera.lib
                                          [ cpct_setPalette_asmbindings.rel ]
/home/cpc/Escritorio/Retromancer/cpctelera/cpctelera/cpctelera.lib
                                          [ cpct_isKeyPressed.rel ]
/home/cpc/Escritorio/Retromancer/cpctelera/cpctelera/cpctelera.lib
                                          [ cpct_setPALColour_asmbindings.re ]
/home/cpc/Escritorio/Retromancer/cpctelera/cpctelera/cpctelera.lib
                                          [ cpct_drawStringM0_asmbindings.re ]
/home/cpc/Escritorio/Retromancer/cpctelera/cpctelera/cpctelera.lib
                                          [ cpct_drawCharM0_inner.rel ]
/home/cpc/Escritorio/Retromancer/cpctelera/cpctelera/cpctelera.lib
                                          [ cpct_drawSprite_asmbindings.rel ]
/home/cpc/Escritorio/Retromancer/cpctelera/cpctelera/cpctelera.lib
                                          [ keyboard.rel ]
/home/cpc/Escritorio/Retromancer/cpctelera/cpctelera/cpctelera.lib
                                          [ cpct_isAnyKeyPressed.rel ]
/home/cpc/Escritorio/Retromancer/cpctelera/cpctelera/cpctelera.lib
                                          [ cpct_setVideoMode_asmbindings.re ]
/home/cpc/Escritorio/Retromancer/cpctelera/cpctelera/cpctelera.lib
                                          [ cpct_waitVSYNC.rel ]
/home/cpc/Escritorio/Retromancer/cpctelera/cpctelera/cpctelera.lib
                                          [ cpct_removeInterruptHandler.rel ]
/home/cpc/Escritorio/Retromancer/cpctelera/cpctelera/cpctelera.lib
                                          [ cpc_mode_rom_status.rel ]
/home/cpc/Escritorio/Retromancer/cpctelera/cpctelera/cpctelera.lib
                                          [ cpct_setDrawCharM0_asmbindings.r ]
/home/cpc/Escritorio/Retromancer/cpctelera/cpctelera/cpctelera.lib
                                          [ cpct_scanKeyboard.rel ]
/home/cpc/Escritorio/Retromancer/cpctelera/cpctelera/cpctelera.lib
                                          [ cpct_getScreenPtr_asmbindings.re ]
/home/cpc/Escritorio/Retromancer/cpctelera/cpctelera/cpctelera.lib
                                          [ cpct_dc_mode0_ct.rel ]

ASxxxx Linker V03.00 + NoICE + sdld,  page 6.

User Base Address Definitions

_CODE = 0x4000
_DATA = 0x0000

