ASxxxx Linker V03.00 + NoICE + sdld,  page 1.
Hexadecimal  [32-Bits]

Area                                    Addr        Size        Decimal Bytes (Attributes)
--------------------------------        ----        ----        ------- ----- ------------
.  .ABS.                            00000000    00000000 =           0. bytes (ABS,CON)

      Value  Global                              Global Defined In Module
      -----  --------------------------------   ------------------------
     00000000  .__.ABS.                           cpct_strings
     00000000  l__CABS                         
     00000000  l__DABS                         
     00000000  l__GSFINAL                      
     00000000  l__GSINIT                       
     00000000  l__HOME                         
     00000000  l__INITIALIZED                  
     00000000  l__INITIALIZER                  
     00000000  s__CABS                         
     00000000  s__DABS                         
     0000001A  l__DATA                         
     00001A6E  l__CODE                         
     00004000  s__CODE                         
     00005A6E  s__DATA                         
     00005A88  s__GSFINAL                      
     00005A88  s__GSINIT                       
     00005A88  s__HOME                         
     00005A88  s__INITIALIZED                  
     00005A88  s__INITIALIZER                  

ASxxxx Linker V03.00 + NoICE + sdld,  page 2.
Hexadecimal  [32-Bits]

Area                                    Addr        Size        Decimal Bytes (Attributes)
--------------------------------        ----        ----        ------- ----- ------------
_CODE                               00004000    00001A6E =        6766. bytes (REL,CON)

      Value  Global                              Global Defined In Module
      -----  --------------------------------   ------------------------
     00004000  _spr_player_attack_00              ataques_juntos32x8
     00004080  _spr_player_attack_01              ataques_juntos32x8
     00004100  _spr_player_attack_02              ataques_juntos32x8
     00004180  _spr_player_attack_03              ataques_juntos32x8
     00004200  _spr_player_attack_04              ataques_juntos32x8
     00004280  _spr_player_attack_05              ataques_juntos32x8
     00004300  _spr_player_attack_06              ataques_juntos32x8
     00004380  _spr_player_attack_07              ataques_juntos32x8
     00004400  _spr_player_attack_08              ataques_juntos32x8
     00004480  _spr_player_attack_09              ataques_juntos32x8
     00004500  _spr_player_attack_10              ataques_juntos32x8
     00004580  _spr_player_attack_11              ataques_juntos32x8
     00004600  _spr_player_attack_12              ataques_juntos32x8
     00004680  _spr_player_attack_13              ataques_juntos32x8
     00004700  _spr_player_attack_14              ataques_juntos32x8
     00004780  _spr_player_attack_15              ataques_juntos32x8
     00004800  _spr_player_attack_16              ataques_juntos32x8
     00004880  _spr_player_attack_17              ataques_juntos32x8
     00004900  _spr_player_tp_0                   player_tp
     00004A00  _spr_player_tp_1                   player_tp
     00004B00  _spr_player_tp_2                   player_tp
     00004C00  _spr_player_tp_3                   player_tp
     00004D00  _spr_player_tp_4                   player_tp
     00004E00  _spr_player_tp_5                   player_tp
     00004F00  _spr_player_0                      player
     00005000  _spr_player_1                      player
     00005100  _spr_aliens_0                      Aliens
     00005180  _spr_aliens_1                      Aliens
     00005200  _spr_aliens_2                      Aliens
     00005280  _spr_aliens_3                      Aliens
     00005300  _spr_aliens_4                      Aliens
     00005380  _spr_aliens_5                      Aliens
     00005400  _spr_alien_void                    AlienVoid
     00005480  _g_palette                         g_palette
     000054F4  _main                              cpct_keyboard
     000054FC  entities                           cpct_keyboard
     000054FC  player                             cpct_keyboard
     0000550A  enemies_array                      cpct_keyboard
     000055A8  first_enemy                        cpct_keyboard
     000055AA  man_entity_init                    cpct_keyboard
     000055BE  man_player_create                  cpct_keyboard
     000055CB  man_enemy_create                   cpct_keyboard
     000055F4  man_enemy_set4destruction          cpct_keyboard
     000055FD  man_enemy_set4dead                 cpct_keyboard
     00005613  man_enemy_destroy                  cpct_keyboard
     00005627  man_enemy_forall                   cpct_keyboard
     00005630  man_entity_forall                  cpct_keyboard
     0000564F  man_enemy_update                   cpct_keyboard
     00005650  tmpl_enemy_void                    cpct_keyboard
     0000565E  tmpl_enemy_o                       cpct_keyboard
ASxxxx Linker V03.00 + NoICE + sdld,  page 3.
Hexadecimal  [32-Bits]

Area                                    Addr        Size        Decimal Bytes (Attributes)
--------------------------------        ----        ----        ------- ----- ------------
_CODE                               00004000    00001A6E =        6766. bytes (REL,CON)

      Value  Global                              Global Defined In Module
      -----  --------------------------------   ------------------------
     0000566C  tmpl_enemy_p                       cpct_keyboard
     0000567A  tmpl_player                        cpct_keyboard
     00005688  frame_counter                      cpct_keyboard
     0000568B  sys_game_init                      cpct_keyboard
     00005692  sys_game_inc_frames_counter        cpct_keyboard
     0000569A  sys_game_inc_points                cpct_keyboard
     000056A2  sys_game_dec_points                cpct_keyboard
     000056AA  sys_game_play                      cpct_keyboard
     000056C8  target_player_position             
     000056C9  enemy_death_anim                   
     000056DB  enemy_void_anim                    
     000056E3  enemy_o_anim                       
     000056EB  enemy_p_anim                       
     000056F3  player_standby_anim                
     000056FB  player_tp_anim                     
     00005709  player_tp_mirror_anim              
     00005715  sys_animation_update               
     00005769  move_player                        
     00005771  sys_generator_update               cpct_keyboard
     00005772  sys_input_player_update            cpct_keyboard
     000057E6  sys_physics_update                 cpct_keyboard
     0000582E  sys_render_init                    cpct_keyboard
     00005843  sys_render_update                  cpct_keyboard
     00005868  cpct_setPalette_asm                cpct_video
     0000587B  _cpct_isKeyPressed                 cpct_keyboard
     0000587B  cpct_isKeyPressed_asm              cpct_keyboard
     00005887  cpct_setPALColour_asm              cpct_video
     00005891  cpct_drawStringM0_asm              cpct_strings
     000058B7  cpct_drawCharM0_inner_asm          cpct_strings
     00005917  dc_2pxtableM0                      cpct_strings
     0000591B  cpct_drawSprite_asm                cpct_sprites
     000059BB  _cpct_keyboardStatusBuffer         cpct_keyboard
     000059C5  _cpct_isAnyKeyPressed              cpct_keyboard
     000059C5  cpct_isAnyKeyPressed_asm           cpct_keyboard
     000059D2  cpct_setVideoMode_asm              cpct_video
     000059DF  _cpct_waitVSYNC                    cpct_video
     000059DF  cpct_waitVSYNC_asm                 cpct_video
     000059E7  _cpct_disableFirmware              cpct_firmware
     000059E7  _cpct_removeInterruptHandler       cpct_firmware
     000059E7  cpct_disableFirmware_asm           cpct_firmware
     000059E7  cpct_removeInterruptHandler_asm    cpct_firmware
     000059F7  _cpct_mode_rom_status              cpct_firmware
     000059F8  cpct_setDrawCharM0_asm             cpct_strings
     00005A1B  cpct_getScreenPtr_asm              cpct_video
     00005A2D  _cpct_scanKeyboard                 cpct_keyboard
     00005A2D  cpct_scanKeyboard_asm              cpct_keyboard
     00005A5E  dc_mode0_ct                        cpct_strings

ASxxxx Linker V03.00 + NoICE + sdld,  page 4.
Hexadecimal  [32-Bits]

Area                                    Addr        Size        Decimal Bytes (Attributes)
--------------------------------        ----        ----        ------- ----- ------------
_DATA                               00005A6E    0000001A =          26. bytes (REL,CON)

      Value  Global                              Global Defined In Module
      -----  --------------------------------   ------------------------
ASxxxx Linker V03.00 + NoICE + sdld,  page 5.

Files Linked                              [ module(s) ]

obj/sprites/ataques_juntos32x8.rel        [ ataques_juntos32x8 ]
obj/sprites/player_tp.rel                 [ player_tp ]
obj/sprites/player.rel                    [ player ]
obj/sprites/Aliens.rel                    [ Aliens ]
obj/sprites/AlienVoid.rel                 [ AlienVoid ]
obj/sprites/g_palette.rel                 [ g_palette ]
obj/main.rel                              [ cpct_keyboard ]
obj/man/entities.h.rel                    [  ]
obj/man/entities.rel                      [ cpct_keyboard ]
obj/man/entity_templates.h.rel            [  ]
obj/man/entity_templates.rel              [ cpct_keyboard ]
obj/man/game.h.rel                        [  ]
obj/man/game.rel                          [ cpct_keyboard ]
obj/sys/animations.h.rel                  [  ]
obj/sys/animations.rel                    [  ]
obj/sys/generator.h.rel                   [  ]
obj/sys/generator.rel                     [ cpct_keyboard ]
obj/sys/input.h.rel                       [  ]
obj/sys/input.rel                         [ cpct_keyboard ]
obj/sys/physics.h.rel                     [  ]
obj/sys/physics.rel                       [ cpct_keyboard ]
obj/sys/render.h.rel                      [  ]
obj/sys/render.rel                        [ cpct_keyboard ]


Libraries Linked                          [ object file ]

/home/akira/razonamiento/cpctelera/cpctelera/cpctelera.lib
                                          [ cpct_setPalette_asmbindings.rel ]
/home/akira/razonamiento/cpctelera/cpctelera/cpctelera.lib
                                          [ cpct_isKeyPressed.rel ]
/home/akira/razonamiento/cpctelera/cpctelera/cpctelera.lib
                                          [ cpct_setPALColour_asmbindings.re ]
/home/akira/razonamiento/cpctelera/cpctelera/cpctelera.lib
                                          [ cpct_drawStringM0_asmbindings.re ]
/home/akira/razonamiento/cpctelera/cpctelera/cpctelera.lib
                                          [ cpct_drawCharM0_inner.rel ]
/home/akira/razonamiento/cpctelera/cpctelera/cpctelera.lib
                                          [ cpct_drawSprite_asmbindings.rel ]
/home/akira/razonamiento/cpctelera/cpctelera/cpctelera.lib
                                          [ keyboard.rel ]
/home/akira/razonamiento/cpctelera/cpctelera/cpctelera.lib
                                          [ cpct_isAnyKeyPressed.rel ]
/home/akira/razonamiento/cpctelera/cpctelera/cpctelera.lib
                                          [ cpct_setVideoMode_asmbindings.re ]
/home/akira/razonamiento/cpctelera/cpctelera/cpctelera.lib
                                          [ cpct_waitVSYNC.rel ]
/home/akira/razonamiento/cpctelera/cpctelera/cpctelera.lib
                                          [ cpct_removeInterruptHandler.rel ]
/home/akira/razonamiento/cpctelera/cpctelera/cpctelera.lib
                                          [ cpc_mode_rom_status.rel ]
/home/akira/razonamiento/cpctelera/cpctelera/cpctelera.lib
                                          [ cpct_setDrawCharM0_asmbindings.r ]
/home/akira/razonamiento/cpctelera/cpctelera/cpctelera.lib
                                          [ cpct_getScreenPtr_asmbindings.re ]
/home/akira/razonamiento/cpctelera/cpctelera/cpctelera.lib
                                          [ cpct_scanKeyboard.rel ]
/home/akira/razonamiento/cpctelera/cpctelera/cpctelera.lib
                                          [ cpct_dc_mode0_ct.rel ]

ASxxxx Linker V03.00 + NoICE + sdld,  page 6.

User Base Address Definitions

_CODE = 0x4000
_DATA = 0x0000

