ASxxxx Linker V03.00 + NoICE + sdld,  page 1.
Hexadecimal  [32-Bits]

Area                                    Addr        Size        Decimal Bytes (Attributes)
--------------------------------        ----        ----        ------- ----- ------------
.  .ABS.                            00000000    00000000 =           0. bytes (ABS,CON)

      Value  Global                              Global Defined In Module
      -----  --------------------------------   ------------------------
     00000000  .__.ABS.                           cpct_strings
     00000000  l__CABS                         
     00000000  l__DABS                         
     00000000  l__GSFINAL                      
     00000000  l__GSINIT                       
     00000000  l__HOME                         
     00000000  l__INITIALIZED                  
     00000000  l__INITIALIZER                  
     00000000  s__CABS                         
     00000000  s__DABS                         
     0000001A  l__DATA                         
     0000108D  l__CODE                         
     00004000  s__CODE                         
     0000508D  s__DATA                         
     000050A7  s__GSFINAL                      
     000050A7  s__GSINIT                       
     000050A7  s__HOME                         
     000050A7  s__INITIALIZED                  
     000050A7  s__INITIALIZER                  

ASxxxx Linker V03.00 + NoICE + sdld,  page 2.
Hexadecimal  [32-Bits]

Area                                    Addr        Size        Decimal Bytes (Attributes)
--------------------------------        ----        ----        ------- ----- ------------
_CODE                               00004000    0000108D =        4237. bytes (REL,CON)

      Value  Global                              Global Defined In Module
      -----  --------------------------------   ------------------------
     00004000  _spr_player_tp_0                   player_tp
     00004100  _spr_player_tp_1                   player_tp
     00004200  _spr_player_tp_2                   player_tp
     00004300  _spr_player_tp_3                   player_tp
     00004400  _spr_player_tp_4                   player_tp
     00004500  _spr_player_tp_5                   player_tp
     00004600  _spr_player_0                      player
     00004700  _spr_player_1                      player
     00004800  _spr_aliens_0                      Aliens
     00004880  _spr_aliens_1                      Aliens
     00004900  _spr_aliens_2                      Aliens
     00004980  _spr_aliens_3                      Aliens
     00004A00  _spr_aliens_4                      Aliens
     00004A80  _spr_aliens_5                      Aliens
     00004B00  _spr_alien_void                    AlienVoid
     00004B80  _g_palette                         g_palette
     00004BF4  _main                              cpct_keyboard
     00004BFC  enemy_void_anim                    
     00004C04  sys_animation_update               
     00004C3A  sys_generator_update               cpct_keyboard
     00004C3B  sys_input_player_update            cpct_keyboard
     00004C7C  sys_physics_update                 cpct_keyboard
     00004CB1  sys_render_init                    cpct_keyboard
     00004CC6  sys_render_update                  cpct_keyboard
     00004CEB  entities                           cpct_keyboard
     00004CEB  player                             cpct_keyboard
     00004CF9  enemies_array                      cpct_keyboard
     00004D99  man_entity_init                    cpct_keyboard
     00004DAD  man_player_create                  cpct_keyboard
     00004DBA  man_enemy_create                   cpct_keyboard
     00004DE3  man_enemy_set4destruction          cpct_keyboard
     00004DEC  man_enemy_destroy                  cpct_keyboard
     00004E00  man_enemy_forall                   cpct_keyboard
     00004E1F  man_enemy_update                   cpct_keyboard
     00004E20  tmpl_enemy_void                    cpct_keyboard
     00004E2E  tmpl_enemy_o                       cpct_keyboard
     00004E3C  tmpl_enemy_p                       cpct_keyboard
     00004E58  tmpl_player                        cpct_keyboard
     00004E66  frame_counter                      cpct_keyboard
     00004E67  sys_game_init                      cpct_keyboard
     00004E6E  sys_game_inc_frames_counter        cpct_keyboard
     00004E76  sys_game_play                      cpct_keyboard
     00004E87  cpct_setPalette_asm                cpct_video
     00004E9A  _cpct_isKeyPressed                 cpct_keyboard
     00004E9A  cpct_isKeyPressed_asm              cpct_keyboard
     00004EA6  cpct_setPALColour_asm              cpct_video
     00004EB0  cpct_drawStringM0_asm              cpct_strings
     00004ED6  cpct_drawCharM0_inner_asm          cpct_strings
     00004F36  dc_2pxtableM0                      cpct_strings
     00004F3A  cpct_drawSprite_asm                cpct_sprites
ASxxxx Linker V03.00 + NoICE + sdld,  page 3.
Hexadecimal  [32-Bits]

Area                                    Addr        Size        Decimal Bytes (Attributes)
--------------------------------        ----        ----        ------- ----- ------------
_CODE                               00004000    0000108D =        4237. bytes (REL,CON)

      Value  Global                              Global Defined In Module
      -----  --------------------------------   ------------------------
     00004FDA  _cpct_keyboardStatusBuffer         cpct_keyboard
     00004FE4  _cpct_isAnyKeyPressed              cpct_keyboard
     00004FE4  cpct_isAnyKeyPressed_asm           cpct_keyboard
     00004FF1  cpct_setVideoMode_asm              cpct_video
     00004FFE  _cpct_waitVSYNC                    cpct_video
     00004FFE  cpct_waitVSYNC_asm                 cpct_video
     00005006  _cpct_disableFirmware              cpct_firmware
     00005006  _cpct_removeInterruptHandler       cpct_firmware
     00005006  cpct_disableFirmware_asm           cpct_firmware
     00005006  cpct_removeInterruptHandler_asm    cpct_firmware
     00005016  _cpct_mode_rom_status              cpct_firmware
     00005017  cpct_setDrawCharM0_asm             cpct_strings
     0000503A  cpct_getScreenPtr_asm              cpct_video
     0000504C  _cpct_scanKeyboard                 cpct_keyboard
     0000504C  cpct_scanKeyboard_asm              cpct_keyboard
     0000507D  dc_mode0_ct                        cpct_strings
ASxxxx Linker V03.00 + NoICE + sdld,  page 4.
Hexadecimal  [32-Bits]

Area                                    Addr        Size        Decimal Bytes (Attributes)
--------------------------------        ----        ----        ------- ----- ------------
_DATA                               0000508D    0000001A =          26. bytes (REL,CON)

      Value  Global                              Global Defined In Module
      -----  --------------------------------   ------------------------
ASxxxx Linker V03.00 + NoICE + sdld,  page 5.

Files Linked                              [ module(s) ]

obj/sprites/player_tp.rel                 [ player_tp ]
obj/sprites/player.rel                    [ player ]
obj/sprites/Aliens.rel                    [ Aliens ]
obj/sprites/AlienVoid.rel                 [ AlienVoid ]
obj/sprites/g_palette.rel                 [ g_palette ]
obj/main.rel                              [ cpct_keyboard ]
obj/sys/animations.h.rel                  [  ]
obj/sys/animations.rel                    [  ]
obj/sys/generator.h.rel                   [  ]
obj/sys/generator.rel                     [ cpct_keyboard ]
obj/sys/input.h.rel                       [  ]
obj/sys/input.rel                         [ cpct_keyboard ]
obj/sys/physics.h.rel                     [  ]
obj/sys/physics.rel                       [ cpct_keyboard ]
obj/sys/render.h.rel                      [  ]
obj/sys/render.rel                        [ cpct_keyboard ]
obj/man/entities.h.rel                    [  ]
obj/man/entities.rel                      [ cpct_keyboard ]
obj/man/entity_templates.h.rel            [  ]
obj/man/entity_templates.rel              [ cpct_keyboard ]
obj/man/game.h.rel                        [  ]
obj/man/game.rel                          [ cpct_keyboard ]


Libraries Linked                          [ object file ]

/home/cpc/Escritorio/Retromancer/cpctelera/cpctelera/cpctelera.lib
                                          [ cpct_setPalette_asmbindings.rel ]
/home/cpc/Escritorio/Retromancer/cpctelera/cpctelera/cpctelera.lib
                                          [ cpct_isKeyPressed.rel ]
/home/cpc/Escritorio/Retromancer/cpctelera/cpctelera/cpctelera.lib
                                          [ cpct_setPALColour_asmbindings.re ]
/home/cpc/Escritorio/Retromancer/cpctelera/cpctelera/cpctelera.lib
                                          [ cpct_drawStringM0_asmbindings.re ]
/home/cpc/Escritorio/Retromancer/cpctelera/cpctelera/cpctelera.lib
                                          [ cpct_drawCharM0_inner.rel ]
/home/cpc/Escritorio/Retromancer/cpctelera/cpctelera/cpctelera.lib
                                          [ cpct_drawSprite_asmbindings.rel ]
/home/cpc/Escritorio/Retromancer/cpctelera/cpctelera/cpctelera.lib
                                          [ keyboard.rel ]
/home/cpc/Escritorio/Retromancer/cpctelera/cpctelera/cpctelera.lib
                                          [ cpct_isAnyKeyPressed.rel ]
/home/cpc/Escritorio/Retromancer/cpctelera/cpctelera/cpctelera.lib
                                          [ cpct_setVideoMode_asmbindings.re ]
/home/cpc/Escritorio/Retromancer/cpctelera/cpctelera/cpctelera.lib
                                          [ cpct_waitVSYNC.rel ]
/home/cpc/Escritorio/Retromancer/cpctelera/cpctelera/cpctelera.lib
                                          [ cpct_removeInterruptHandler.rel ]
/home/cpc/Escritorio/Retromancer/cpctelera/cpctelera/cpctelera.lib
                                          [ cpc_mode_rom_status.rel ]
/home/cpc/Escritorio/Retromancer/cpctelera/cpctelera/cpctelera.lib
                                          [ cpct_setDrawCharM0_asmbindings.r ]
/home/cpc/Escritorio/Retromancer/cpctelera/cpctelera/cpctelera.lib
                                          [ cpct_getScreenPtr_asmbindings.re ]
/home/cpc/Escritorio/Retromancer/cpctelera/cpctelera/cpctelera.lib
                                          [ cpct_scanKeyboard.rel ]
/home/cpc/Escritorio/Retromancer/cpctelera/cpctelera/cpctelera.lib
                                          [ cpct_dc_mode0_ct.rel ]

ASxxxx Linker V03.00 + NoICE + sdld,  page 6.

User Base Address Definitions

_CODE = 0x4000
_DATA = 0x0000

