ASxxxx Linker V03.00 + NoICE + sdld,  page 1.
Hexadecimal  [32-Bits]

Area                                    Addr        Size        Decimal Bytes (Attributes)
--------------------------------        ----        ----        ------- ----- ------------
.  .ABS.                            00000000    00000000 =           0. bytes (ABS,CON)

      Value  Global                              Global Defined In Module
      -----  --------------------------------   ------------------------
     00000000  .__.ABS.                           cpct_video
     00000000  l__CABS                         
     00000000  l__DABS                         
     00000000  l__DATA                         
     00000000  l__GSFINAL                      
     00000000  l__GSINIT                       
     00000000  l__HOME                         
     00000000  l__INITIALIZED                  
     00000000  l__INITIALIZER                  
     00000000  s__CABS                         
     00000000  s__DABS                         
     000003E7  l__CODE                         
     00004000  s__CODE                         
     000043E7  s__DATA                         
     000043E7  s__GSFINAL                      
     000043E7  s__GSINIT                       
     000043E7  s__HOME                         
     000043E7  s__INITIALIZED                  
     000043E7  s__INITIALIZER                  

ASxxxx Linker V03.00 + NoICE + sdld,  page 2.
Hexadecimal  [32-Bits]

Area                                    Addr        Size        Decimal Bytes (Attributes)
--------------------------------        ----        ----        ------- ----- ------------
_CODE                               00004000    000003E7 =         999. bytes (REL,CON)

      Value  Global                              Global Defined In Module
      -----  --------------------------------   ------------------------
     00004000  _spr_alien_void                    AlienVoid
     00004080  _g_palette                         g_palette
     000040C8  _main                              cpct_keyboard
     000040CD  entities                           cpct_keyboard
     000040CD  player                             cpct_keyboard
     000040DB  enemies_array                      cpct_keyboard
     0000417B  man_entity_init                    cpct_keyboard
     0000418F  man_entity_create                  cpct_keyboard
     000041B8  man_entity_set4destruction         cpct_keyboard
     000041C1  man_entity_destroy                 cpct_keyboard
     000041C2  man_entity_forall                  cpct_keyboard
     000041C3  man_entity_update                  cpct_keyboard
     000041C4  tmpl_enemy_void                    cpct_keyboard
     000041D2  tmpl_enemy_o                       cpct_keyboard
     000041E0  tmpl_enemy_p                       cpct_keyboard
     000041FC  tmpl_player                        cpct_keyboard
     0000420A  sys_input_player_update            cpct_keyboard
     00004248  sys_physics_update                 cpct_keyboard
     0000426A  sys_render_init                    cpct_keyboard
     0000427F  sys_render_update                  cpct_keyboard
     0000429E  _cpct_isKeyPressed                 cpct_keyboard
     0000429E  cpct_isKeyPressed_asm              cpct_keyboard
     000042AA  cpct_setPalette_asm                cpct_video
     000042BD  cpct_setPALColour_asm              cpct_video
     000042C7  cpct_drawSprite_asm                cpct_sprites
     00004367  _cpct_keyboardStatusBuffer         cpct_keyboard
     00004371  _cpct_isAnyKeyPressed              cpct_keyboard
     00004371  cpct_isAnyKeyPressed_asm           cpct_keyboard
     0000437E  _cpct_waitVSYNC                    cpct_video
     0000437E  cpct_waitVSYNC_asm                 cpct_video
     00004386  cpct_setVideoMode_asm              cpct_video
     00004393  _cpct_disableFirmware              cpct_firmware
     00004393  _cpct_removeInterruptHandler       cpct_firmware
     00004393  cpct_disableFirmware_asm           cpct_firmware
     00004393  cpct_removeInterruptHandler_asm    cpct_firmware
     000043A3  _cpct_mode_rom_status              cpct_firmware
     000043A4  _cpct_scanKeyboard                 cpct_keyboard
     000043A4  cpct_scanKeyboard_asm              cpct_keyboard
     000043D5  cpct_getScreenPtr_asm              cpct_video
ASxxxx Linker V03.00 + NoICE + sdld,  page 3.

Files Linked                              [ module(s) ]

obj/sprites/AlienVoid.rel                 [ AlienVoid ]
obj/sprites/g_palette.rel                 [ g_palette ]
obj/main.rel                              [ cpct_keyboard ]
obj/man/entities.h.rel                    [  ]
obj/man/entities.rel                      [ cpct_keyboard ]
obj/man/entity_templates.h.rel            [  ]
obj/man/entity_templates.rel              [ cpct_keyboard ]
obj/sys/input.h.rel                       [  ]
obj/sys/input.rel                         [ cpct_keyboard ]
obj/sys/physics.h.rel                     [  ]
obj/sys/physics.rel                       [ cpct_keyboard ]
obj/sys/render.h.rel                      [  ]
obj/sys/render.rel                        [ cpct_keyboard ]


Libraries Linked                          [ object file ]

/home/akira/razonamiento/cpctelera/cpctelera/cpctelera.lib
                                          [ cpct_isKeyPressed.rel ]
/home/akira/razonamiento/cpctelera/cpctelera/cpctelera.lib
                                          [ cpct_setPalette_asmbindings.rel ]
/home/akira/razonamiento/cpctelera/cpctelera/cpctelera.lib
                                          [ cpct_setPALColour_asmbindings.re ]
/home/akira/razonamiento/cpctelera/cpctelera/cpctelera.lib
                                          [ cpct_drawSprite_asmbindings.rel ]
/home/akira/razonamiento/cpctelera/cpctelera/cpctelera.lib
                                          [ keyboard.rel ]
/home/akira/razonamiento/cpctelera/cpctelera/cpctelera.lib
                                          [ cpct_isAnyKeyPressed.rel ]
/home/akira/razonamiento/cpctelera/cpctelera/cpctelera.lib
                                          [ cpct_waitVSYNC.rel ]
/home/akira/razonamiento/cpctelera/cpctelera/cpctelera.lib
                                          [ cpct_setVideoMode_asmbindings.re ]
/home/akira/razonamiento/cpctelera/cpctelera/cpctelera.lib
                                          [ cpct_removeInterruptHandler.rel ]
/home/akira/razonamiento/cpctelera/cpctelera/cpctelera.lib
                                          [ cpc_mode_rom_status.rel ]
/home/akira/razonamiento/cpctelera/cpctelera/cpctelera.lib
                                          [ cpct_scanKeyboard.rel ]
/home/akira/razonamiento/cpctelera/cpctelera/cpctelera.lib
                                          [ cpct_getScreenPtr_asmbindings.re ]

ASxxxx Linker V03.00 + NoICE + sdld,  page 4.

User Base Address Definitions

_CODE = 0x4000
_DATA = 0x0000

