ASxxxx Linker V03.00 + NoICE + sdld,  page 1.
Hexadecimal  [32-Bits]

Area                                    Addr        Size        Decimal Bytes (Attributes)
--------------------------------        ----        ----        ------- ----- ------------
.  .ABS.                            00000000    00000000 =           0. bytes (ABS,CON)

      Value  Global                              Global Defined In Module
      -----  --------------------------------   ------------------------
     00000000  .__.ABS.                           cpct_strings
     00000000  l__CABS                         
     00000000  l__DABS                         
     00000000  l__GSFINAL                      
     00000000  l__GSINIT                       
     00000000  l__HOME                         
     00000000  l__INITIALIZED                  
     00000000  l__INITIALIZER                  
     00000000  s__CABS                         
     00000000  s__DABS                         
     0000001A  l__DATA                         
     00003800  l__CODE                         
     00004000  s__CODE                         
     00007800  s__DATA                         
     0000781A  s__GSFINAL                      
     0000781A  s__GSINIT                       
     0000781A  s__HOME                         
     0000781A  s__INITIALIZED                  
     0000781A  s__INITIALIZER                  

ASxxxx Linker V03.00 + NoICE + sdld,  page 2.
Hexadecimal  [32-Bits]

Area                                    Addr        Size        Decimal Bytes (Attributes)
--------------------------------        ----        ----        ------- ----- ------------
_CODE                               00004000    00003800 =       14336. bytes (REL,CON)

      Value  Global                              Global Defined In Module
      -----  --------------------------------   ------------------------
     00004000  _spr_player_attack_00              ataques_juntosv2_32x16
     00004100  _spr_player_attack_01              ataques_juntosv2_32x16
     00004200  _spr_player_attack_02              ataques_juntosv2_32x16
     00004300  _spr_player_attack_03              ataques_juntosv2_32x16
     00004400  _spr_player_attack_04              ataques_juntosv2_32x16
     00004500  _spr_player_attack_05              ataques_juntosv2_32x16
     00004600  _spr_player_attack_06              ataques_juntosv2_32x16
     00004700  _spr_player_attack_07              ataques_juntosv2_32x16
     00004800  _spr_player_attack_08              ataques_juntosv2_32x16
     00004900  _spr_player_attack_09              ataques_juntosv2_32x16
     00004A00  _spr_player_attack_10              ataques_juntosv2_32x16
     00004B00  _spr_player_attack_11              ataques_juntosv2_32x16
     00004C00  _spr_player_attack_12              ataques_juntosv2_32x16
     00004D00  _spr_player_attack_13              ataques_juntosv2_32x16
     00004E00  _spr_player_attack_14              ataques_juntosv2_32x16
     00004F00  _spr_player_tp_0                   player_tp
     00005000  _spr_player_tp_1                   player_tp
     00005100  _spr_player_tp_2                   player_tp
     00005200  _spr_player_tp_3                   player_tp
     00005300  _spr_player_tp_4                   player_tp
     00005400  _spr_player_tp_5                   player_tp
     00005500  _spr_player_0                      player
     00005600  _spr_player_1                      player
     00005700  _spr_alien_p_0                     Alien3v2_completo
     00005840  _spr_alien_p_1                     Alien3v2_completo
     00005980  _spr_alien_p_2                     Alien3v2_completo
     00005AC0  _spr_alien_p_3                     Alien3v2_completo
     00005C00  _spr_alien_p_4                     Alien3v2_completo
     00005D40  _spr_alien_p_5                     Alien3v2_completo
     00005E80  _spr_alien_o_0                     Alien2v2_completo
     00005FC0  _spr_alien_o_1                     Alien2v2_completo
     00006100  _spr_alien_o_2                     Alien2v2_completo
     00006240  _spr_alien_o_3                     Alien2v2_completo
     00006380  _spr_alien_o_4                     Alien2v2_completo
     000064C0  _spr_alien_o_5                     Alien2v2_completo
     00006600  _spr_alien_void_0                  Alien1v2_completo
     00006740  _spr_alien_void_1                  Alien1v2_completo
     00006880  _spr_alien_void_2                  Alien1v2_completo
     000069C0  _spr_alien_void_3                  Alien1v2_completo
     00006B00  _spr_alien_void_4                  Alien1v2_completo
     00006C40  _spr_alien_void_5                  Alien1v2_completo
     00006D80  _g_palette                         g_palette
     00006D90  _spr_aliens_0                      Aliens
     00006E10  _spr_aliens_1                      Aliens
     00006E90  _spr_aliens_2                      Aliens
     00006F10  _spr_aliens_3                      Aliens
     00006F90  _spr_aliens_4                      Aliens
     00007010  _spr_aliens_5                      Aliens
     00007090  _spr_alien_void                    AlienVoid
     00007172  _main                              cpct_keyboard
ASxxxx Linker V03.00 + NoICE + sdld,  page 3.
Hexadecimal  [32-Bits]

Area                                    Addr        Size        Decimal Bytes (Attributes)
--------------------------------        ----        ----        ------- ----- ------------
_CODE                               00004000    00003800 =       14336. bytes (REL,CON)

      Value  Global                              Global Defined In Module
      -----  --------------------------------   ------------------------
     0000717A  target_player_position             
     00007181  enemy_void_death_anim              
     0000718D  enemy_o_death_anim                 
     00007199  enemy_p_death_anim                 
     000071A5  enemy_void_anim                    
     000071AF  enemy_o_anim                       
     000071B9  enemy_p_anim                       
     000071C3  player_standby_anim                
     000071CB  player_tp_anim                     
     000071D9  player_tp_mirror_anim              
     000071E5  player_attack_null                 
     000071EB  player_attack_o                    
     000071F9  player_attack_p                    
     00007207  sys_animation_update_custom_spee   
     0000720E  sys_animation_update               
     00007214  sys_animation_update_fast          
     00007262  move_player                        
     00007277  sys_generator_update               cpct_keyboard
     0000727D  sys_input_player_update            cpct_keyboard
     0000733C  sys_physics_update                 cpct_keyboard
     00007389  sys_render_init                    cpct_keyboard
     0000739E  sys_render_update                  cpct_keyboard
     000073C3  entities                           cpct_keyboard
     000073C3  player                             cpct_keyboard
     000073D3  player_attack                      cpct_keyboard
     000073E3  enemies_array                      cpct_keyboard
     00007495  first_enemy                        cpct_keyboard
     00007497  man_entity_init                    cpct_keyboard
     000074AB  man_player_create                  cpct_keyboard
     000074C4  man_enemy_create                   cpct_keyboard
     000074ED  man_enemy_set4destruction          cpct_keyboard
     000074F6  man_enemy_set4dead                 cpct_keyboard
     0000750F  man_enemy_destroy                  cpct_keyboard
     00007523  man_enemy_forall                   cpct_keyboard
     0000752C  man_entity_forall                  cpct_keyboard
     0000754B  man_enemy_update                   cpct_keyboard
     0000754C  tmpl_enemy_void                    cpct_keyboard
     0000755C  tmpl_enemy_o                       cpct_keyboard
     0000756C  tmpl_enemy_p                       cpct_keyboard
     0000757C  tmpl_player                        cpct_keyboard
     0000758C  tmpl_player_attack                 cpct_keyboard
     0000759C  frame_counter                      cpct_keyboard
     0000759F  sys_game_init                      cpct_keyboard
     000075BB  sys_game_inc_frames_counter        cpct_keyboard
     000075C3  sys_game_inc_points                cpct_keyboard
     000075CB  sys_game_dec_points                cpct_keyboard
     000075D3  sys_game_play                      cpct_keyboard
     000075FA  cpct_setPalette_asm                cpct_video
     0000760D  _cpct_isKeyPressed                 cpct_keyboard
     0000760D  cpct_isKeyPressed_asm              cpct_keyboard
     00007619  cpct_setPALColour_asm              cpct_video
ASxxxx Linker V03.00 + NoICE + sdld,  page 4.
Hexadecimal  [32-Bits]

Area                                    Addr        Size        Decimal Bytes (Attributes)
--------------------------------        ----        ----        ------- ----- ------------
_CODE                               00004000    00003800 =       14336. bytes (REL,CON)

      Value  Global                              Global Defined In Module
      -----  --------------------------------   ------------------------
     00007623  cpct_drawStringM0_asm              cpct_strings
     00007649  cpct_drawCharM0_inner_asm          cpct_strings
     000076A9  dc_2pxtableM0                      cpct_strings
     000076AD  cpct_drawSprite_asm                cpct_sprites
     0000774D  _cpct_keyboardStatusBuffer         cpct_keyboard
     00007757  _cpct_isAnyKeyPressed              cpct_keyboard
     00007757  cpct_isAnyKeyPressed_asm           cpct_keyboard
     00007764  cpct_setVideoMode_asm              cpct_video
     00007771  _cpct_waitVSYNC                    cpct_video
     00007771  cpct_waitVSYNC_asm                 cpct_video
     00007779  _cpct_disableFirmware              cpct_firmware
     00007779  _cpct_removeInterruptHandler       cpct_firmware
     00007779  cpct_disableFirmware_asm           cpct_firmware
     00007779  cpct_removeInterruptHandler_asm    cpct_firmware
     00007789  _cpct_mode_rom_status              cpct_firmware
     0000778A  cpct_setDrawCharM0_asm             cpct_strings
     000077AD  cpct_getScreenPtr_asm              cpct_video
     000077BF  _cpct_scanKeyboard                 cpct_keyboard
     000077BF  cpct_scanKeyboard_asm              cpct_keyboard
     000077F0  dc_mode0_ct                        cpct_strings

ASxxxx Linker V03.00 + NoICE + sdld,  page 5.
Hexadecimal  [32-Bits]

Area                                    Addr        Size        Decimal Bytes (Attributes)
--------------------------------        ----        ----        ------- ----- ------------
_DATA                               00007800    0000001A =          26. bytes (REL,CON)

      Value  Global                              Global Defined In Module
      -----  --------------------------------   ------------------------
ASxxxx Linker V03.00 + NoICE + sdld,  page 6.

Files Linked                              [ module(s) ]

obj/sprites/ataques_juntosv2_32x16.rel    [ ataques_juntosv2_32x16 ]
obj/sprites/player_tp.rel                 [ player_tp ]
obj/sprites/player.rel                    [ player ]
obj/sprites/Alien3v2_completo.rel         [ Alien3v2_completo ]
obj/sprites/Alien2v2_completo.rel         [ Alien2v2_completo ]
obj/sprites/Alien1v2_completo.rel         [ Alien1v2_completo ]
obj/sprites/g_palette.rel                 [ g_palette ]
obj/sprites/Aliens.rel                    [ Aliens ]
obj/sprites/AlienVoid.rel                 [ AlienVoid ]
obj/main.rel                              [ cpct_keyboard ]
obj/sys/animations.h.rel                  [  ]
obj/sys/animations.rel                    [  ]
obj/sys/generator.h.rel                   [  ]
obj/sys/generator.rel                     [ cpct_keyboard ]
obj/sys/input.h.rel                       [  ]
obj/sys/input.rel                         [ cpct_keyboard ]
obj/sys/physics.h.rel                     [  ]
obj/sys/physics.rel                       [ cpct_keyboard ]
obj/sys/render.h.rel                      [  ]
obj/sys/render.rel                        [ cpct_keyboard ]
obj/man/entities.h.rel                    [  ]
obj/man/entities.rel                      [ cpct_keyboard ]
obj/man/entity_templates.h.rel            [  ]
obj/man/entity_templates.rel              [ cpct_keyboard ]
obj/man/game.h.rel                        [  ]
obj/man/game.rel                          [ cpct_keyboard ]


Libraries Linked                          [ object file ]

/home/cpc/cpctelera/cpctelera/cpctelera.lib
                                          [ cpct_setPalette_asmbindings.rel ]
/home/cpc/cpctelera/cpctelera/cpctelera.lib
                                          [ cpct_isKeyPressed.rel ]
/home/cpc/cpctelera/cpctelera/cpctelera.lib
                                          [ cpct_setPALColour_asmbindings.re ]
/home/cpc/cpctelera/cpctelera/cpctelera.lib
                                          [ cpct_drawStringM0_asmbindings.re ]
/home/cpc/cpctelera/cpctelera/cpctelera.lib
                                          [ cpct_drawCharM0_inner.rel ]
/home/cpc/cpctelera/cpctelera/cpctelera.lib
                                          [ cpct_drawSprite_asmbindings.rel ]
/home/cpc/cpctelera/cpctelera/cpctelera.lib
                                          [ keyboard.rel ]
/home/cpc/cpctelera/cpctelera/cpctelera.lib
                                          [ cpct_isAnyKeyPressed.rel ]
/home/cpc/cpctelera/cpctelera/cpctelera.lib
                                          [ cpct_setVideoMode_asmbindings.re ]
/home/cpc/cpctelera/cpctelera/cpctelera.lib
                                          [ cpct_waitVSYNC.rel ]
/home/cpc/cpctelera/cpctelera/cpctelera.lib
                                          [ cpct_removeInterruptHandler.rel ]
/home/cpc/cpctelera/cpctelera/cpctelera.lib
                                          [ cpc_mode_rom_status.rel ]
/home/cpc/cpctelera/cpctelera/cpctelera.lib
                                          [ cpct_setDrawCharM0_asmbindings.r ]
/home/cpc/cpctelera/cpctelera/cpctelera.lib
                                          [ cpct_getScreenPtr_asmbindings.re ]
/home/cpc/cpctelera/cpctelera/cpctelera.lib
                                          [ cpct_scanKeyboard.rel ]
/home/cpc/cpctelera/cpctelera/cpctelera.lib
                                          [ cpct_dc_mode0_ct.rel ]

ASxxxx Linker V03.00 + NoICE + sdld,  page 7.

User Base Address Definitions

_CODE = 0x4000
_DATA = 0x0000

