ASxxxx Linker V03.00 + NoICE + sdld,  page 1.
Hexadecimal  [32-Bits]

Area                                    Addr        Size        Decimal Bytes (Attributes)
--------------------------------        ----        ----        ------- ----- ------------
.  .ABS.                            00000000    00000000 =           0. bytes (ABS,CON)

      Value  Global                              Global Defined In Module
      -----  --------------------------------   ------------------------
     00000000  .__.ABS.                           cpct_strings
     00000000  l__CABS                         
     00000000  l__DABS                         
     00000000  l__GSFINAL                      
     00000000  l__GSINIT                       
     00000000  l__HOME                         
     00000000  l__INITIALIZED                  
     00000000  l__INITIALIZER                  
     00000000  l___song_menu                   
     00000000  s__CABS                         
     00000000  s__DABS                         
     00000000  s___song_menu                   
     00000000  s___song_menu0                  
     000000F9  l__DATA                         
     0000014A  l___song_menu0                  
     00004000  s__CODE                         
     000048FD  l__CODE                         
     000088FD  s__DATA                         
     000089F6  s__GSFINAL                      
     000089F6  s__GSINIT                       
     000089F6  s__HOME                         
     000089F6  s__INITIALIZED                  
     000089F6  s__INITIALIZER                  

ASxxxx Linker V03.00 + NoICE + sdld,  page 2.
Hexadecimal  [32-Bits]

Area                                    Addr        Size        Decimal Bytes (Attributes)
--------------------------------        ----        ----        ------- ----- ------------
_CODE                               00004000    000048FD =       18685. bytes (REL,CON)

      Value  Global                              Global Defined In Module
      -----  --------------------------------   ------------------------
     00004000  _spr_icono_caldero_0               calderov1_8x16
     00004040  _spr_icono_caldero_1               calderov1_8x16
     00004080  _spr_caldero_0                     caldero_animacionv2_20x32
     000041C0  _spr_caldero_1                     caldero_animacionv2_20x32
     00004300  _spr_caldero_2                     caldero_animacionv2_20x32
     00004440  _spr_caldero_3                     caldero_animacionv2_20x32
     00004580  _spr_player_attack_00              ataques_juntosv2_32x16
     00004680  _spr_player_attack_01              ataques_juntosv2_32x16
     00004780  _spr_player_attack_02              ataques_juntosv2_32x16
     00004880  _spr_player_attack_03              ataques_juntosv2_32x16
     00004980  _spr_player_attack_04              ataques_juntosv2_32x16
     00004A80  _spr_player_attack_05              ataques_juntosv2_32x16
     00004B80  _spr_player_attack_06              ataques_juntosv2_32x16
     00004C80  _spr_player_attack_07              ataques_juntosv2_32x16
     00004D80  _spr_player_attack_08              ataques_juntosv2_32x16
     00004E80  _spr_player_attack_09              ataques_juntosv2_32x16
     00004F80  _spr_player_attack_10              ataques_juntosv2_32x16
     00005080  _spr_player_attack_11              ataques_juntosv2_32x16
     00005180  _spr_player_attack_12              ataques_juntosv2_32x16
     00005280  _spr_player_attack_13              ataques_juntosv2_32x16
     00005380  _spr_player_attack_14              ataques_juntosv2_32x16
     00005480  _spr_player_tp_0                   player_tp
     00005580  _spr_player_tp_1                   player_tp
     00005680  _spr_player_tp_2                   player_tp
     00005780  _spr_player_tp_3                   player_tp
     00005880  _spr_player_tp_4                   player_tp
     00005980  _spr_player_tp_5                   player_tp
     00005A80  _spr_player_0                      player
     00005B80  _spr_player_1                      player
     00005C80  _spr_alien_p_0                     Alien3v2_completo
     00005DC0  _spr_alien_p_1                     Alien3v2_completo
     00005F00  _spr_alien_p_2                     Alien3v2_completo
     00006040  _spr_alien_p_3                     Alien3v2_completo
     00006180  _spr_alien_p_4                     Alien3v2_completo
     000062C0  _spr_alien_p_5                     Alien3v2_completo
     00006400  _spr_alien_o_0                     Alien2v2_completo
     00006540  _spr_alien_o_1                     Alien2v2_completo
     00006680  _spr_alien_o_2                     Alien2v2_completo
     000067C0  _spr_alien_o_3                     Alien2v2_completo
     00006900  _spr_alien_o_4                     Alien2v2_completo
     00006A40  _spr_alien_o_5                     Alien2v2_completo
     00006B80  _spr_alien_void_0                  Alien1v2_completo
     00006CC0  _spr_alien_void_1                  Alien1v2_completo
     00006E00  _spr_alien_void_2                  Alien1v2_completo
     00006F40  _spr_alien_void_3                  Alien1v2_completo
     00007080  _spr_alien_void_4                  Alien1v2_completo
     000071C0  _spr_alien_void_5                  Alien1v2_completo
     00007300  _g_palette                         g_palette
     00007310  _spr_aliens_0                      Aliens
     00007390  _spr_aliens_1                      Aliens
ASxxxx Linker V03.00 + NoICE + sdld,  page 3.
Hexadecimal  [32-Bits]

Area                                    Addr        Size        Decimal Bytes (Attributes)
--------------------------------        ----        ----        ------- ----- ------------
_CODE                               00004000    000048FD =       18685. bytes (REL,CON)

      Value  Global                              Global Defined In Module
      -----  --------------------------------   ------------------------
     00007410  _spr_aliens_2                      Aliens
     00007490  _spr_aliens_3                      Aliens
     00007510  _spr_aliens_4                      Aliens
     00007590  _spr_aliens_5                      Aliens
     00007610  _spr_alien_void                    AlienVoid
     000076A7  _main                              cpct_keyboard
     000076B2  entities                           cpct_keyboard
     000076B2  player                             cpct_keyboard
     000076C2  player_attack                      cpct_keyboard
     000076D2  enemies_array                      cpct_keyboard
     00007784  first_enemy                        cpct_keyboard
     00007788  man_entity_init                    cpct_keyboard
     0000779C  man_player_create                  cpct_keyboard
     000077B5  man_enemy_create                   cpct_keyboard
     000077E1  man_enemy_set4destruction          cpct_keyboard
     000077EA  man_enemy_set4dead                 cpct_keyboard
     00007803  man_enemy_destroy                  cpct_keyboard
     00007817  man_enemy_forall                   cpct_keyboard
     00007820  man_entity_forall                  cpct_keyboard
     0000783F  man_enemy_update                   cpct_keyboard
     00007840  space_for_new_enemy                cpct_keyboard
     0000784A  return_last_enemy                  cpct_keyboard
     0000784F  tmpl_enemy_void                    cpct_keyboard
     0000785F  tmpl_enemy_o                       cpct_keyboard
     0000786F  tmpl_enemy_p                       cpct_keyboard
     0000787F  tmpl_player                        cpct_keyboard
     0000788F  tmpl_player_attack                 cpct_keyboard
     0000789F  frame_counter                      cpct_keyboard
     000078A3  sys_game_init                      cpct_keyboard
     000078B8  sys_game_start                     cpct_keyboard
     000078D1  sys_game_pause                     cpct_keyboard
     000078DA  sys_game_check_finished            cpct_keyboard
     000078FC  sys_game_inc_frames_counter        cpct_keyboard
     00007904  sys_game_inc_points                cpct_keyboard
     0000790D  sys_game_dec_points                cpct_keyboard
     00007918  sys_game_play                      cpct_keyboard
     00007945  target_player_position             
     0000794C  enemy_void_death_anim              
     00007958  enemy_o_death_anim                 
     00007964  enemy_p_death_anim                 
     00007970  enemy_void_anim                    
     0000797A  enemy_o_anim                       
     00007984  enemy_p_anim                       
     0000798E  player_standby_anim                
     00007996  player_tp_anim                     
     000079A4  player_tp_mirror_anim              
     000079B0  player_attack_null                 
     000079B6  player_attack_o                    
     000079C4  player_attack_p                    
     000079D2  sys_animation_update_custom_spee   
     000079D9  sys_animation_update               
ASxxxx Linker V03.00 + NoICE + sdld,  page 4.
Hexadecimal  [32-Bits]

Area                                    Addr        Size        Decimal Bytes (Attributes)
--------------------------------        ----        ----        ------- ----- ------------
_CODE                               00004000    000048FD =       18685. bytes (REL,CON)

      Value  Global                              Global Defined In Module
      -----  --------------------------------   ------------------------
     000079DF  sys_animation_update_fast          
     00007A2D  move_player                        
     00007A42  sys_generator_update               cpct_keyboard
     00007A96  sys_input_player_update            cpct_keyboard
     00007B53  sys_interruptions_init             cpct_keyboard
     00007B62  sys_interruptions_set_handler      cpct_keyboard
     00007B6C  sys_interruptions_handler_1        cpct_keyboard
     00007B83  sys_interruptions_handler_2        cpct_keyboard
     00007B90  sys_interruptions_handler_3        cpct_keyboard
     00007B9D  sys_interruptions_handler_4        cpct_keyboard
     00007BAA  sys_interruptions_handler_5        cpct_keyboard
     00007BB7  sys_interruptions_handler_6        cpct_keyboard
     00007CC1  start_screen                       cpct_keyboard
     00007D17  sys_physics_update                 cpct_keyboard
     00007D64  sys_render_init                    cpct_keyboard
     00007D79  sys_render_update                  cpct_keyboard
     00007D9E  cpct_setPalette_asm                cpct_video
     00007DB1  _cpct_isKeyPressed                 cpct_keyboard
     00007DB1  cpct_isKeyPressed_asm              cpct_keyboard
     00007DBD  cpct_setPALColour_asm              cpct_video
     00007DC7  _cpct_akp_digidrumStatus           cpct_audio
     00007DC8  _cpct_akp_songLoopTimes            cpct_audio
     00007DC9  _cpct_akp_musicPlay                cpct_audio
     00007DC9  cpct_akp_musicPlay_asm             cpct_audio
     000084CC  _cpct_akp_musicInit                cpct_audio
     000084D3  cpct_akp_musicInit_asm             cpct_audio
     0000852C  _cpct_akp_stop                     cpct_audio
     0000852C  cpct_akp_stop_asm                  cpct_audio
     0000853F  _cpct_akp_SFXGetInstrument         cpct_audio
     00008544  cpct_akp_SFXGetInstrument_asm      cpct_audio
     00008558  _cpct_akp_SFXInit                  cpct_audio
     0000855F  cpct_akp_SFXInit_asm               cpct_audio
     00008566  _cpct_akp_SFXStopAll               cpct_audio
     00008566  cpct_akp_SFXStopAll_asm            cpct_audio
     00008573  _cpct_akp_SFXPlay                  cpct_audio
     00008585  cpct_akp_SFXPlay_asm               cpct_audio
     000085D2  _cpct_akp_SFXStop                  cpct_audio
     000085D7  cpct_akp_SFXStop_asm               cpct_audio
     000085F0  cpct_drawStringM0_asm              cpct_strings
     00008616  cpct_drawCharM0_inner_asm          cpct_strings
     00008676  dc_2pxtableM0                      cpct_strings
     0000867A  cpct_drawSprite_asm                cpct_sprites
     0000871A  _cpct_keyboardStatusBuffer         cpct_keyboard
     00008724  _cpct_isAnyKeyPressed              cpct_keyboard
     00008724  cpct_isAnyKeyPressed_asm           cpct_keyboard
     00008731  _cpct_scanKeyboard_if              cpct_keyboard
     00008731  cpct_scanKeyboard_if_asm           cpct_keyboard
     00008799  cpct_setVideoMode_asm              cpct_video
     000087A6  _cpct_waitVSYNC                    cpct_video
     000087A6  cpct_waitVSYNC_asm                 cpct_video
     000087AE  _cpct_getRandom_xsp40_u8           cpct_random
ASxxxx Linker V03.00 + NoICE + sdld,  page 5.
Hexadecimal  [32-Bits]

Area                                    Addr        Size        Decimal Bytes (Attributes)
--------------------------------        ----        ----        ------- ----- ------------
_CODE                               00004000    000048FD =       18685. bytes (REL,CON)

      Value  Global                              Global Defined In Module
      -----  --------------------------------   ------------------------
     000087AE  cpct_getRandom_xsp40_u8_asm        cpct_random
     000087B3  _cpct_seed1_xsp40_u8               cpct_random
     000087B6  _cpct_seed2_xsp40_u8               cpct_random
     000087D0  _cpct_seed3_xsp40_u8               cpct_random
     000087D3  _cpct_disableFirmware              cpct_firmware
     000087D3  _cpct_removeInterruptHandler       cpct_firmware
     000087D3  cpct_disableFirmware_asm           cpct_firmware
     000087D3  cpct_removeInterruptHandler_asm    cpct_firmware
     000087E3  cpct_drawSolidBox_asm              cpct_sprites
     00008886  _cpct_mode_rom_status              cpct_firmware
     00008887  cpct_setDrawCharM0_asm             cpct_strings
     000088AA  cpct_getScreenPtr_asm              cpct_video
     000088BC  _cpct_scanKeyboard                 cpct_keyboard
     000088BC  cpct_scanKeyboard_asm              cpct_keyboard
     000088ED  dc_mode0_ct                        cpct_strings

ASxxxx Linker V03.00 + NoICE + sdld,  page 6.
Hexadecimal  [32-Bits]

Area                                    Addr        Size        Decimal Bytes (Attributes)
--------------------------------        ----        ----        ------- ----- ------------
_DATA                               000088FD    000000F9 =         249. bytes (REL,CON)

      Value  Global                              Global Defined In Module
      -----  --------------------------------   ------------------------
ASxxxx Linker V03.00 + NoICE + sdld,  page 7.
Hexadecimal  [32-Bits]

Area                                    Addr        Size        Decimal Bytes (Attributes)
--------------------------------        ----        ----        ------- ----- ------------
__song_menu0                        00000000    0000014A =         330. bytes (ABS,CON)

      Value  Global                              Global Defined In Module
      -----  --------------------------------   ------------------------
     00000040  _song_menu                         

ASxxxx Linker V03.00 + NoICE + sdld,  page 8.

Files Linked                              [ module(s) ]

obj/sprites/calderov1_8x16.rel            [ calderov1_8x16 ]
obj/sprites/caldero_animacionv2_20x32.rel
                                          [ caldero_animacionv2_20x32 ]
obj/sprites/ataques_juntosv2_32x16.rel    [ ataques_juntosv2_32x16 ]
obj/sprites/player_tp.rel                 [ player_tp ]
obj/sprites/player.rel                    [ player ]
obj/sprites/Alien3v2_completo.rel         [ Alien3v2_completo ]
obj/sprites/Alien2v2_completo.rel         [ Alien2v2_completo ]
obj/sprites/Alien1v2_completo.rel         [ Alien1v2_completo ]
obj/sprites/g_palette.rel                 [ g_palette ]
obj/music/song_menu.rel                   [  ]
obj/sprites/Aliens.rel                    [ Aliens ]
obj/sprites/AlienVoid.rel                 [ AlienVoid ]
obj/main.rel                              [ cpct_keyboard ]
obj/man/entities.h.rel                    [  ]
obj/man/entities.rel                      [ cpct_keyboard ]
obj/man/entity_templates.h.rel            [  ]
obj/man/entity_templates.rel              [ cpct_keyboard ]
obj/man/game.h.rel                        [  ]
obj/man/game.rel                          [ cpct_keyboard ]
obj/sys/animations.h.rel                  [  ]
obj/sys/animations.rel                    [  ]
obj/sys/generator.h.rel                   [  ]
obj/sys/generator.rel                     [ cpct_keyboard ]
obj/sys/input.h.rel                       [  ]
obj/sys/input.rel                         [ cpct_keyboard ]
obj/sys/interruptions.h.rel               [  ]
obj/sys/interruptions.rel                 [ cpct_keyboard ]
obj/sys/menu.h.rel                        [  ]
obj/sys/menu.rel                          [ cpct_keyboard ]
obj/sys/physics.h.rel                     [  ]
obj/sys/physics.rel                       [ cpct_keyboard ]
obj/sys/render.h.rel                      [  ]
obj/sys/render.rel                        [ cpct_keyboard ]


Libraries Linked                          [ object file ]

/home/akira/razonamiento/cpctelera/cpctelera/cpctelera.lib
                                          [ cpct_setPalette_asmbindings.rel ]
/home/akira/razonamiento/cpctelera/cpctelera/cpctelera.lib
                                          [ cpct_isKeyPressed.rel ]
/home/akira/razonamiento/cpctelera/cpctelera/cpctelera.lib
                                          [ cpct_setPALColour_asmbindings.re ]
/home/akira/razonamiento/cpctelera/cpctelera/cpctelera.lib
                                          [ arkostracker.rel ]
/home/akira/razonamiento/cpctelera/cpctelera/cpctelera.lib
                                          [ cpct_drawStringM0_asmbindings.re ]
/home/akira/razonamiento/cpctelera/cpctelera/cpctelera.lib
                                          [ cpct_drawCharM0_inner.rel ]
/home/akira/razonamiento/cpctelera/cpctelera/cpctelera.lib
                                          [ cpct_drawSprite_asmbindings.rel ]
/home/akira/razonamiento/cpctelera/cpctelera/cpctelera.lib
                                          [ keyboard.rel ]
/home/akira/razonamiento/cpctelera/cpctelera/cpctelera.lib
                                          [ cpct_isAnyKeyPressed.rel ]
/home/akira/razonamiento/cpctelera/cpctelera/cpctelera.lib
                                          [ cpct_scanKeyboard_if.rel ]
/home/akira/razonamiento/cpctelera/cpctelera/cpctelera.lib
                                          [ cpct_setVideoMode_asmbindings.re ]
/home/akira/razonamiento/cpctelera/cpctelera/cpctelera.lib
                                          [ cpct_waitVSYNC.rel ]
/home/akira/razonamiento/cpctelera/cpctelera/cpctelera.lib
                                          [ cpct_getRandom_xsp40_u8.rel ]
/home/akira/razonamiento/cpctelera/cpctelera/cpctelera.lib
                                          [ cpct_removeInterruptHandler.rel ]
/home/akira/razonamiento/cpctelera/cpctelera/cpctelera.lib
                                          [ cpct_drawSolidBox_asmbindings.re ]
/home/akira/razonamiento/cpctelera/cpctelera/cpctelera.lib
                                          [ cpc_mode_rom_status.rel ]
/home/akira/razonamiento/cpctelera/cpctelera/cpctelera.lib
                                          [ cpct_setDrawCharM0_asmbindings.r ]
/home/akira/razonamiento/cpctelera/cpctelera/cpctelera.lib
                                          [ cpct_getScreenPtr_asmbindings.re ]
/home/akira/razonamiento/cpctelera/cpctelera/cpctelera.lib
                                          [ cpct_scanKeyboard.rel ]
/home/akira/razonamiento/cpctelera/cpctelera/cpctelera.lib
                                          [ cpct_dc_mode0_ct.rel ]

ASxxxx Linker V03.00 + NoICE + sdld,  page 9.

User Base Address Definitions

_CODE = 0x4000
_DATA = 0x0000

