ASxxxx Linker V03.00 + NoICE + sdld,  page 1.
Hexadecimal  [32-Bits]

Area                                    Addr        Size        Decimal Bytes (Attributes)
--------------------------------        ----        ----        ------- ----- ------------
.  .ABS.                            00000000    00000000 =           0. bytes (ABS,CON)

      Value  Global                              Global Defined In Module
      -----  --------------------------------   ------------------------
     00000000  .__.ABS.                           cpct_strings
     00000000  l__CABS                         
     00000000  l__DABS                         
     00000000  l__GSFINAL                      
     00000000  l__GSINIT                       
     00000000  l__HOME                         
     00000000  l__INITIALIZED                  
     00000000  l__INITIALIZER                  
     00000000  s__CABS                         
     00000000  s__DABS                         
     0000001A  l__DATA                         
     0000110C  l__CODE                         
     00004000  s__CODE                         
     0000510C  s__DATA                         
     00005126  s__GSFINAL                      
     00005126  s__GSINIT                       
     00005126  s__HOME                         
     00005126  s__INITIALIZED                  
     00005126  s__INITIALIZER                  

ASxxxx Linker V03.00 + NoICE + sdld,  page 2.
Hexadecimal  [32-Bits]

Area                                    Addr        Size        Decimal Bytes (Attributes)
--------------------------------        ----        ----        ------- ----- ------------
_CODE                               00004000    0000110C =        4364. bytes (REL,CON)

      Value  Global                              Global Defined In Module
      -----  --------------------------------   ------------------------
     00004000  _spr_player_tp_0                   player_tp
     00004100  _spr_player_tp_1                   player_tp
     00004200  _spr_player_tp_2                   player_tp
     00004300  _spr_player_tp_3                   player_tp
     00004400  _spr_player_tp_4                   player_tp
     00004500  _spr_player_tp_5                   player_tp
     00004600  _spr_player_0                      player
     00004700  _spr_player_1                      player
     00004800  _spr_aliens_0                      Aliens
     00004880  _spr_aliens_1                      Aliens
     00004900  _spr_aliens_2                      Aliens
     00004980  _spr_aliens_3                      Aliens
     00004A00  _spr_aliens_4                      Aliens
     00004A80  _spr_aliens_5                      Aliens
     00004B00  _spr_alien_void                    AlienVoid
     00004B80  _g_palette                         g_palette
     00004BF4  _main                              cpct_keyboard
     00004BFC  entities                           cpct_keyboard
     00004BFC  player                             cpct_keyboard
     00004C0A  enemies_array                      cpct_keyboard
     00004CAA  man_entity_init                    cpct_keyboard
     00004CBE  man_player_create                  cpct_keyboard
     00004CCB  man_enemy_create                   cpct_keyboard
     00004CF4  man_enemy_set4destruction          cpct_keyboard
     00004CFD  man_enemy_destroy                  cpct_keyboard
     00004D11  man_enemy_forall                   cpct_keyboard
     00004D1A  man_entity_forall                  cpct_keyboard
     00004D39  man_enemy_update                   cpct_keyboard
     00004D3A  tmpl_enemy_void                    cpct_keyboard
     00004D48  tmpl_enemy_o                       cpct_keyboard
     00004D56  tmpl_enemy_p                       cpct_keyboard
     00004D72  tmpl_player                        cpct_keyboard
     00004D80  frame_counter                      cpct_keyboard
     00004D81  sys_game_init                      cpct_keyboard
     00004D88  sys_game_inc_frames_counter        cpct_keyboard
     00004D90  sys_game_play                      cpct_keyboard
     00004DA8  target_player_position             
     00004DA9  enemy_void_anim                    
     00004DB1  enemy_o_anim                       
     00004DB9  enemy_p_anim                       
     00004DC1  player_standby_anim                
     00004DC9  player_tp_anim                     
     00004DD7  player_tp_mirror_anim              
     00004DE3  sys_animation_update               
     00004E37  move_player                        
     00004E3F  sys_generator_update               cpct_keyboard
     00004E40  sys_input_player_update            cpct_keyboard
     00004E97  sys_physics_update                 cpct_keyboard
     00004ECC  sys_render_init                    cpct_keyboard
     00004EE1  sys_render_update                  cpct_keyboard
ASxxxx Linker V03.00 + NoICE + sdld,  page 3.
Hexadecimal  [32-Bits]

Area                                    Addr        Size        Decimal Bytes (Attributes)
--------------------------------        ----        ----        ------- ----- ------------
_CODE                               00004000    0000110C =        4364. bytes (REL,CON)

      Value  Global                              Global Defined In Module
      -----  --------------------------------   ------------------------
     00004F06  cpct_setPalette_asm                cpct_video
     00004F19  _cpct_isKeyPressed                 cpct_keyboard
     00004F19  cpct_isKeyPressed_asm              cpct_keyboard
     00004F25  cpct_setPALColour_asm              cpct_video
     00004F2F  cpct_drawStringM0_asm              cpct_strings
     00004F55  cpct_drawCharM0_inner_asm          cpct_strings
     00004FB5  dc_2pxtableM0                      cpct_strings
     00004FB9  cpct_drawSprite_asm                cpct_sprites
     00005059  _cpct_keyboardStatusBuffer         cpct_keyboard
     00005063  _cpct_isAnyKeyPressed              cpct_keyboard
     00005063  cpct_isAnyKeyPressed_asm           cpct_keyboard
     00005070  cpct_setVideoMode_asm              cpct_video
     0000507D  _cpct_waitVSYNC                    cpct_video
     0000507D  cpct_waitVSYNC_asm                 cpct_video
     00005085  _cpct_disableFirmware              cpct_firmware
     00005085  _cpct_removeInterruptHandler       cpct_firmware
     00005085  cpct_disableFirmware_asm           cpct_firmware
     00005085  cpct_removeInterruptHandler_asm    cpct_firmware
     00005095  _cpct_mode_rom_status              cpct_firmware
     00005096  cpct_setDrawCharM0_asm             cpct_strings
     000050B9  cpct_getScreenPtr_asm              cpct_video
     000050CB  _cpct_scanKeyboard                 cpct_keyboard
     000050CB  cpct_scanKeyboard_asm              cpct_keyboard
     000050FC  dc_mode0_ct                        cpct_strings

ASxxxx Linker V03.00 + NoICE + sdld,  page 4.
Hexadecimal  [32-Bits]

Area                                    Addr        Size        Decimal Bytes (Attributes)
--------------------------------        ----        ----        ------- ----- ------------
_DATA                               0000510C    0000001A =          26. bytes (REL,CON)

      Value  Global                              Global Defined In Module
      -----  --------------------------------   ------------------------
ASxxxx Linker V03.00 + NoICE + sdld,  page 5.

Files Linked                              [ module(s) ]

obj/sprites/player_tp.rel                 [ player_tp ]
obj/sprites/player.rel                    [ player ]
obj/sprites/Aliens.rel                    [ Aliens ]
obj/sprites/AlienVoid.rel                 [ AlienVoid ]
obj/sprites/g_palette.rel                 [ g_palette ]
obj/main.rel                              [ cpct_keyboard ]
obj/man/entities.h.rel                    [  ]
obj/man/entities.rel                      [ cpct_keyboard ]
obj/man/entity_templates.h.rel            [  ]
obj/man/entity_templates.rel              [ cpct_keyboard ]
obj/man/game.h.rel                        [  ]
obj/man/game.rel                          [ cpct_keyboard ]
obj/sys/animations.h.rel                  [  ]
obj/sys/animations.rel                    [  ]
obj/sys/generator.h.rel                   [  ]
obj/sys/generator.rel                     [ cpct_keyboard ]
obj/sys/input.h.rel                       [  ]
obj/sys/input.rel                         [ cpct_keyboard ]
obj/sys/physics.h.rel                     [  ]
obj/sys/physics.rel                       [ cpct_keyboard ]
obj/sys/render.h.rel                      [  ]
obj/sys/render.rel                        [ cpct_keyboard ]


Libraries Linked                          [ object file ]

/home/akira/razonamiento/cpctelera/cpctelera/cpctelera.lib
                                          [ cpct_setPalette_asmbindings.rel ]
/home/akira/razonamiento/cpctelera/cpctelera/cpctelera.lib
                                          [ cpct_isKeyPressed.rel ]
/home/akira/razonamiento/cpctelera/cpctelera/cpctelera.lib
                                          [ cpct_setPALColour_asmbindings.re ]
/home/akira/razonamiento/cpctelera/cpctelera/cpctelera.lib
                                          [ cpct_drawStringM0_asmbindings.re ]
/home/akira/razonamiento/cpctelera/cpctelera/cpctelera.lib
                                          [ cpct_drawCharM0_inner.rel ]
/home/akira/razonamiento/cpctelera/cpctelera/cpctelera.lib
                                          [ cpct_drawSprite_asmbindings.rel ]
/home/akira/razonamiento/cpctelera/cpctelera/cpctelera.lib
                                          [ keyboard.rel ]
/home/akira/razonamiento/cpctelera/cpctelera/cpctelera.lib
                                          [ cpct_isAnyKeyPressed.rel ]
/home/akira/razonamiento/cpctelera/cpctelera/cpctelera.lib
                                          [ cpct_setVideoMode_asmbindings.re ]
/home/akira/razonamiento/cpctelera/cpctelera/cpctelera.lib
                                          [ cpct_waitVSYNC.rel ]
/home/akira/razonamiento/cpctelera/cpctelera/cpctelera.lib
                                          [ cpct_removeInterruptHandler.rel ]
/home/akira/razonamiento/cpctelera/cpctelera/cpctelera.lib
                                          [ cpc_mode_rom_status.rel ]
/home/akira/razonamiento/cpctelera/cpctelera/cpctelera.lib
                                          [ cpct_setDrawCharM0_asmbindings.r ]
/home/akira/razonamiento/cpctelera/cpctelera/cpctelera.lib
                                          [ cpct_getScreenPtr_asmbindings.re ]
/home/akira/razonamiento/cpctelera/cpctelera/cpctelera.lib
                                          [ cpct_scanKeyboard.rel ]
/home/akira/razonamiento/cpctelera/cpctelera/cpctelera.lib
                                          [ cpct_dc_mode0_ct.rel ]

ASxxxx Linker V03.00 + NoICE + sdld,  page 6.

User Base Address Definitions

_CODE = 0x4000
_DATA = 0x0000

